INSTALL	home/runner/work/x25-airplay-receiver/x25-airplay-receiver/app/src/main/cpp/third_party/ffmpeg/doc/examples/avio_http_serve_files.c
INSTALL	home/runner/work/x25-airplay-receiver/x25-airplay-receiver/app/src/main/cpp/third_party/ffmpeg/doc/examples/avio_list_dir.c
INSTALL	home/runner/work/x25-airplay-receiver/x25-airplay-receiver/app/src/main/cpp/third_party/ffmpeg/doc/examples/avio_read_callback.c
INSTALL	home/runner/work/x25-airplay-receiver/x25-airplay-receiver/app/src/main/cpp/third_party/ffmpeg/doc/examples/decode_audio.c
INSTALL	home/runner/work/x25-airplay-receiver/x25-airplay-receiver/app/src/main/cpp/third_party/ffmpeg/doc/examples/decode_filter_audio.c
INSTALL	home/runner/work/x25-airplay-receiver/x25-airplay-receiver/app/src/main/cpp/third_party/ffmpeg/doc/examples/decode_filter_video.c
INSTALL	home/runner/work/x25-airplay-receiver/x25-airplay-receiver/app/src/main/cpp/third_party/ffmpeg/doc/examples/decode_video.c
INSTALL	home/runner/work/x25-airplay-receiver/x25-airplay-receiver/app/src/main/cpp/third_party/ffmpeg/doc/examples/demux_decode.c
INSTALL	home/runner/work/x25-airplay-receiver/x25-airplay-receiver/app/src/main/cpp/third_party/ffmpeg/doc/examples/encode_audio.c
INSTALL	home/runner/work/x25-airplay-receiver/x25-airplay-receiver/app/src/main/cpp/third_party/ffmpeg/doc/examples/encode_video.c
INSTALL	home/runner/work/x25-airplay-receiver/x25-airplay-receiver/app/src/main/cpp/third_party/ffmpeg/doc/examples/extract_mvs.c
INSTALL	home/runner/work/x25-airplay-receiver/x25-airplay-receiver/app/src/main/cpp/third_party/ffmpeg/doc/examples/filter_audio.c
INSTALL	home/runner/work/x25-airplay-receiver/x25-airplay-receiver/app/src/main/cpp/third_party/ffmpeg/doc/examples/hw_decode.c
INSTALL	home/runner/work/x25-airplay-receiver/x25-airplay-receiver/app/src/main/cpp/third_party/ffmpeg/doc/examples/mux.c
INSTALL	home/runner/work/x25-airplay-receiver/x25-airplay-receiver/app/src/main/cpp/third_party/ffmpeg/doc/examples/qsv_decode.c
INSTALL	home/runner/work/x25-airplay-receiver/x25-airplay-receiver/app/src/main/cpp/third_party/ffmpeg/doc/examples/qsv_transcode.c
INSTALL	home/runner/work/x25-airplay-receiver/x25-airplay-receiver/app/src/main/cpp/third_party/ffmpeg/doc/examples/remux.c
INSTALL	home/runner/work/x25-airplay-receiver/x25-airplay-receiver/app/src/main/cpp/third_party/ffmpeg/doc/examples/resample_audio.c
INSTALL	home/runner/work/x25-airplay-receiver/x25-airplay-receiver/app/src/main/cpp/third_party/ffmpeg/doc/examples/scale_video.c
INSTALL	home/runner/work/x25-airplay-receiver/x25-airplay-receiver/app/src/main/cpp/third_party/ffmpeg/doc/examples/show_metadata.c
INSTALL	home/runner/work/x25-airplay-receiver/x25-airplay-receiver/app/src/main/cpp/third_party/ffmpeg/doc/examples/transcode.c
INSTALL	home/runner/work/x25-airplay-receiver/x25-airplay-receiver/app/src/main/cpp/third_party/ffmpeg/doc/examples/transcode_aac.c
INSTALL	home/runner/work/x25-airplay-receiver/x25-airplay-receiver/app/src/main/cpp/third_party/ffmpeg/doc/examples/vaapi_encode.c
INSTALL	home/runner/work/x25-airplay-receiver/x25-airplay-receiver/app/src/main/cpp/third_party/ffmpeg/doc/examples/vaapi_transcode.c
INSTALL	home/runner/work/x25-airplay-receiver/x25-airplay-receiver/app/src/main/cpp/third_party/ffmpeg/doc/examples/README
INSTALL	home/runner/work/x25-airplay-receiver/x25-airplay-receiver/app/src/main/cpp/third_party/ffmpeg/doc/examples/Makefile
INSTALL	home/runner/work/x25-airplay-receiver/x25-airplay-receiver/app/src/main/cpp/third_party/ffmpeg/doc/examples/avio_http_serve_files.c
INSTALL	home/runner/work/x25-airplay-receiver/x25-airplay-receiver/app/src/main/cpp/third_party/ffmpeg/doc/examples/avio_list_dir.c
INSTALL	home/runner/work/x25-airplay-receiver/x25-airplay-receiver/app/src/main/cpp/third_party/ffmpeg/doc/examples/avio_read_callback.c
INSTALL	home/runner/work/x25-airplay-receiver/x25-airplay-receiver/app/src/main/cpp/third_party/ffmpeg/doc/examples/decode_audio.c
INSTALL	home/runner/work/x25-airplay-receiver/x25-airplay-receiver/app/src/main/cpp/third_party/ffmpeg/doc/examples/decode_filter_audio.c
INSTALL	home/runner/work/x25-airplay-receiver/x25-airplay-receiver/app/src/main/cpp/third_party/ffmpeg/doc/examples/decode_filter_video.c
INSTALL	home/runner/work/x25-airplay-receiver/x25-airplay-receiver/app/src/main/cpp/third_party/ffmpeg/doc/examples/decode_video.c
INSTALL	home/runner/work/x25-airplay-receiver/x25-airplay-receiver/app/src/main/cpp/third_party/ffmpeg/doc/examples/demux_decode.c
INSTALL	home/runner/work/x25-airplay-receiver/x25-airplay-receiver/app/src/main/cpp/third_party/ffmpeg/doc/examples/encode_audio.c
INSTALL	home/runner/work/x25-airplay-receiver/x25-airplay-receiver/app/src/main/cpp/third_party/ffmpeg/doc/examples/encode_video.c
INSTALL	home/runner/work/x25-airplay-receiver/x25-airplay-receiver/app/src/main/cpp/third_party/ffmpeg/doc/examples/extract_mvs.c
INSTALL	home/runner/work/x25-airplay-receiver/x25-airplay-receiver/app/src/main/cpp/third_party/ffmpeg/doc/examples/filter_audio.c
INSTALL	home/runner/work/x25-airplay-receiver/x25-airplay-receiver/app/src/main/cpp/third_party/ffmpeg/doc/examples/hw_decode.c
INSTALL	home/runner/work/x25-airplay-receiver/x25-airplay-receiver/app/src/main/cpp/third_party/ffmpeg/doc/examples/mux.c
INSTALL	home/runner/work/x25-airplay-receiver/x25-airplay-receiver/app/src/main/cpp/third_party/ffmpeg/doc/examples/qsv_decode.c
INSTALL	home/runner/work/x25-airplay-receiver/x25-airplay-receiver/app/src/main/cpp/third_party/ffmpeg/doc/examples/qsv_transcode.c
INSTALL	home/runner/work/x25-airplay-receiver/x25-airplay-receiver/app/src/main/cpp/third_party/ffmpeg/doc/examples/remux.c
INSTALL	home/runner/work/x25-airplay-receiver/x25-airplay-receiver/app/src/main/cpp/third_party/ffmpeg/doc/examples/resample_audio.c
INSTALL	home/runner/work/x25-airplay-receiver/x25-airplay-receiver/app/src/main/cpp/third_party/ffmpeg/doc/examples/scale_video.c
INSTALL	home/runner/work/x25-airplay-receiver/x25-airplay-receiver/app/src/main/cpp/third_party/ffmpeg/doc/examples/show_metadata.c
INSTALL	home/runner/work/x25-airplay-receiver/x25-airplay-receiver/app/src/main/cpp/third_party/ffmpeg/doc/examples/transcode.c
INSTALL	home/runner/work/x25-airplay-receiver/x25-airplay-receiver/app/src/main/cpp/third_party/ffmpeg/doc/examples/transcode_aac.c
INSTALL	home/runner/work/x25-airplay-receiver/x25-airplay-receiver/app/src/main/cpp/third_party/ffmpeg/doc/examples/vaapi_encode.c
INSTALL	home/runner/work/x25-airplay-receiver/x25-airplay-receiver/app/src/main/cpp/third_party/ffmpeg/doc/examples/vaapi_transcode.c
INSTALL	home/runner/work/x25-airplay-receiver/x25-airplay-receiver/app/src/main/cpp/third_party/ffmpeg/doc/examples/README
INSTALL	home/runner/work/x25-airplay-receiver/x25-airplay-receiver/app/src/main/cpp/third_party/ffmpeg/doc/examples/Makefile
INSTALL	libavcodec/libavcodec.a
INSTALL	libavutil/libavutil.a
INSTALL	home/runner/work/x25-airplay-receiver/x25-airplay-receiver/app/src/main/cpp/third_party/ffmpeg/libavcodec/ac3_parser.h
INSTALL	home/runner/work/x25-airplay-receiver/x25-airplay-receiver/app/src/main/cpp/third_party/ffmpeg/libavcodec/adts_parser.h
INSTALL	home/runner/work/x25-airplay-receiver/x25-airplay-receiver/app/src/main/cpp/third_party/ffmpeg/libavcodec/avcodec.h
INSTALL	home/runner/work/x25-airplay-receiver/x25-airplay-receiver/app/src/main/cpp/third_party/ffmpeg/libavcodec/avdct.h
INSTALL	home/runner/work/x25-airplay-receiver/x25-airplay-receiver/app/src/main/cpp/third_party/ffmpeg/libavcodec/bsf.h
INSTALL	home/runner/work/x25-airplay-receiver/x25-airplay-receiver/app/src/main/cpp/third_party/ffmpeg/libavcodec/codec.h
INSTALL	home/runner/work/x25-airplay-receiver/x25-airplay-receiver/app/src/main/cpp/third_party/ffmpeg/libavcodec/codec_desc.h
INSTALL	home/runner/work/x25-airplay-receiver/x25-airplay-receiver/app/src/main/cpp/third_party/ffmpeg/libavcodec/codec_id.h
INSTALL	home/runner/work/x25-airplay-receiver/x25-airplay-receiver/app/src/main/cpp/third_party/ffmpeg/libavcodec/codec_par.h
INSTALL	home/runner/work/x25-airplay-receiver/x25-airplay-receiver/app/src/main/cpp/third_party/ffmpeg/libavcodec/d3d11va.h
INSTALL	home/runner/work/x25-airplay-receiver/x25-airplay-receiver/app/src/main/cpp/third_party/ffmpeg/libavcodec/defs.h
INSTALL	home/runner/work/x25-airplay-receiver/x25-airplay-receiver/app/src/main/cpp/third_party/ffmpeg/libavcodec/dirac.h
INSTALL	home/runner/work/x25-airplay-receiver/x25-airplay-receiver/app/src/main/cpp/third_party/ffmpeg/libavcodec/dv_profile.h
INSTALL	home/runner/work/x25-airplay-receiver/x25-airplay-receiver/app/src/main/cpp/third_party/ffmpeg/libavcodec/dxva2.h
INSTALL	home/runner/work/x25-airplay-receiver/x25-airplay-receiver/app/src/main/cpp/third_party/ffmpeg/libavcodec/exif.h
INSTALL	home/runner/work/x25-airplay-receiver/x25-airplay-receiver/app/src/main/cpp/third_party/ffmpeg/libavcodec/jni.h
INSTALL	home/runner/work/x25-airplay-receiver/x25-airplay-receiver/app/src/main/cpp/third_party/ffmpeg/libavcodec/mediacodec.h
INSTALL	home/runner/work/x25-airplay-receiver/x25-airplay-receiver/app/src/main/cpp/third_party/ffmpeg/libavcodec/packet.h
INSTALL	home/runner/work/x25-airplay-receiver/x25-airplay-receiver/app/src/main/cpp/third_party/ffmpeg/libavcodec/qsv.h
INSTALL	home/runner/work/x25-airplay-receiver/x25-airplay-receiver/app/src/main/cpp/third_party/ffmpeg/libavcodec/smpte_436m.h
INSTALL	home/runner/work/x25-airplay-receiver/x25-airplay-receiver/app/src/main/cpp/third_party/ffmpeg/libavcodec/vdpau.h
INSTALL	home/runner/work/x25-airplay-receiver/x25-airplay-receiver/app/src/main/cpp/third_party/ffmpeg/libavcodec/version.h
INSTALL	home/runner/work/x25-airplay-receiver/x25-airplay-receiver/app/src/main/cpp/third_party/ffmpeg/libavcodec/version_major.h
INSTALL	home/runner/work/x25-airplay-receiver/x25-airplay-receiver/app/src/main/cpp/third_party/ffmpeg/libavcodec/videotoolbox.h
INSTALL	home/runner/work/x25-airplay-receiver/x25-airplay-receiver/app/src/main/cpp/third_party/ffmpeg/libavcodec/vorbis_parser.h
INSTALL	libavcodec/libavcodec.pc
INSTALL	home/runner/work/x25-airplay-receiver/x25-airplay-receiver/app/src/main/cpp/third_party/ffmpeg/libavutil/adler32.h
INSTALL	home/runner/work/x25-airplay-receiver/x25-airplay-receiver/app/src/main/cpp/third_party/ffmpeg/libavutil/aes.h
INSTALL	home/runner/work/x25-airplay-receiver/x25-airplay-receiver/app/src/main/cpp/third_party/ffmpeg/libavutil/aes_ctr.h
INSTALL	home/runner/work/x25-airplay-receiver/x25-airplay-receiver/app/src/main/cpp/third_party/ffmpeg/libavutil/ambient_viewing_environment.h
INSTALL	home/runner/work/x25-airplay-receiver/x25-airplay-receiver/app/src/main/cpp/third_party/ffmpeg/libavutil/attributes.h
INSTALL	home/runner/work/x25-airplay-receiver/x25-airplay-receiver/app/src/main/cpp/third_party/ffmpeg/libavutil/audio_fifo.h
INSTALL	home/runner/work/x25-airplay-receiver/x25-airplay-receiver/app/src/main/cpp/third_party/ffmpeg/libavutil/avassert.h
INSTALL	home/runner/work/x25-airplay-receiver/x25-airplay-receiver/app/src/main/cpp/third_party/ffmpeg/libavutil/avstring.h
INSTALL	home/runner/work/x25-airplay-receiver/x25-airplay-receiver/app/src/main/cpp/third_party/ffmpeg/libavutil/avutil.h
INSTALL	home/runner/work/x25-airplay-receiver/x25-airplay-receiver/app/src/main/cpp/third_party/ffmpeg/libavutil/base64.h
INSTALL	home/runner/work/x25-airplay-receiver/x25-airplay-receiver/app/src/main/cpp/third_party/ffmpeg/libavutil/blowfish.h
INSTALL	home/runner/work/x25-airplay-receiver/x25-airplay-receiver/app/src/main/cpp/third_party/ffmpeg/libavutil/bprint.h
INSTALL	home/runner/work/x25-airplay-receiver/x25-airplay-receiver/app/src/main/cpp/third_party/ffmpeg/libavutil/bswap.h
INSTALL	home/runner/work/x25-airplay-receiver/x25-airplay-receiver/app/src/main/cpp/third_party/ffmpeg/libavutil/buffer.h
INSTALL	home/runner/work/x25-airplay-receiver/x25-airplay-receiver/app/src/main/cpp/third_party/ffmpeg/libavutil/cast5.h
INSTALL	home/runner/work/x25-airplay-receiver/x25-airplay-receiver/app/src/main/cpp/third_party/ffmpeg/libavutil/camellia.h
INSTALL	home/runner/work/x25-airplay-receiver/x25-airplay-receiver/app/src/main/cpp/third_party/ffmpeg/libavutil/channel_layout.h
INSTALL	home/runner/work/x25-airplay-receiver/x25-airplay-receiver/app/src/main/cpp/third_party/ffmpeg/libavutil/common.h
INSTALL	home/runner/work/x25-airplay-receiver/x25-airplay-receiver/app/src/main/cpp/third_party/ffmpeg/libavutil/container_fifo.h
INSTALL	home/runner/work/x25-airplay-receiver/x25-airplay-receiver/app/src/main/cpp/third_party/ffmpeg/libavutil/cpu.h
INSTALL	home/runner/work/x25-airplay-receiver/x25-airplay-receiver/app/src/main/cpp/third_party/ffmpeg/libavutil/crc.h
INSTALL	home/runner/work/x25-airplay-receiver/x25-airplay-receiver/app/src/main/cpp/third_party/ffmpeg/libavutil/csp.h
INSTALL	home/runner/work/x25-airplay-receiver/x25-airplay-receiver/app/src/main/cpp/third_party/ffmpeg/libavutil/des.h
INSTALL	home/runner/work/x25-airplay-receiver/x25-airplay-receiver/app/src/main/cpp/third_party/ffmpeg/libavutil/detection_bbox.h
INSTALL	home/runner/work/x25-airplay-receiver/x25-airplay-receiver/app/src/main/cpp/third_party/ffmpeg/libavutil/dict.h
INSTALL	home/runner/work/x25-airplay-receiver/x25-airplay-receiver/app/src/main/cpp/third_party/ffmpeg/libavutil/display.h
INSTALL	home/runner/work/x25-airplay-receiver/x25-airplay-receiver/app/src/main/cpp/third_party/ffmpeg/libavutil/dovi_meta.h
INSTALL	home/runner/work/x25-airplay-receiver/x25-airplay-receiver/app/src/main/cpp/third_party/ffmpeg/libavutil/downmix_info.h
INSTALL	home/runner/work/x25-airplay-receiver/x25-airplay-receiver/app/src/main/cpp/third_party/ffmpeg/libavutil/encryption_info.h
INSTALL	home/runner/work/x25-airplay-receiver/x25-airplay-receiver/app/src/main/cpp/third_party/ffmpeg/libavutil/error.h
INSTALL	home/runner/work/x25-airplay-receiver/x25-airplay-receiver/app/src/main/cpp/third_party/ffmpeg/libavutil/eval.h
INSTALL	home/runner/work/x25-airplay-receiver/x25-airplay-receiver/app/src/main/cpp/third_party/ffmpeg/libavutil/executor.h
INSTALL	home/runner/work/x25-airplay-receiver/x25-airplay-receiver/app/src/main/cpp/third_party/ffmpeg/libavutil/fifo.h
INSTALL	home/runner/work/x25-airplay-receiver/x25-airplay-receiver/app/src/main/cpp/third_party/ffmpeg/libavutil/file.h
INSTALL	home/runner/work/x25-airplay-receiver/x25-airplay-receiver/app/src/main/cpp/third_party/ffmpeg/libavutil/film_grain_params.h
INSTALL	home/runner/work/x25-airplay-receiver/x25-airplay-receiver/app/src/main/cpp/third_party/ffmpeg/libavutil/frame.h
INSTALL	home/runner/work/x25-airplay-receiver/x25-airplay-receiver/app/src/main/cpp/third_party/ffmpeg/libavutil/hash.h
INSTALL	home/runner/work/x25-airplay-receiver/x25-airplay-receiver/app/src/main/cpp/third_party/ffmpeg/libavutil/hdr_dynamic_metadata.h
INSTALL	home/runner/work/x25-airplay-receiver/x25-airplay-receiver/app/src/main/cpp/third_party/ffmpeg/libavutil/hdr_dynamic_vivid_metadata.h
INSTALL	home/runner/work/x25-airplay-receiver/x25-airplay-receiver/app/src/main/cpp/third_party/ffmpeg/libavutil/hmac.h
INSTALL	home/runner/work/x25-airplay-receiver/x25-airplay-receiver/app/src/main/cpp/third_party/ffmpeg/libavutil/hwcontext.h
INSTALL	home/runner/work/x25-airplay-receiver/x25-airplay-receiver/app/src/main/cpp/third_party/ffmpeg/libavutil/hwcontext_cuda.h
INSTALL	home/runner/work/x25-airplay-receiver/x25-airplay-receiver/app/src/main/cpp/third_party/ffmpeg/libavutil/hwcontext_d3d11va.h
INSTALL	home/runner/work/x25-airplay-receiver/x25-airplay-receiver/app/src/main/cpp/third_party/ffmpeg/libavutil/hwcontext_d3d12va.h
INSTALL	home/runner/work/x25-airplay-receiver/x25-airplay-receiver/app/src/main/cpp/third_party/ffmpeg/libavutil/hwcontext_drm.h
INSTALL	home/runner/work/x25-airplay-receiver/x25-airplay-receiver/app/src/main/cpp/third_party/ffmpeg/libavutil/hwcontext_dxva2.h
INSTALL	home/runner/work/x25-airplay-receiver/x25-airplay-receiver/app/src/main/cpp/third_party/ffmpeg/libavutil/hwcontext_amf.h
INSTALL	home/runner/work/x25-airplay-receiver/x25-airplay-receiver/app/src/main/cpp/third_party/ffmpeg/libavutil/hwcontext_qsv.h
INSTALL	home/runner/work/x25-airplay-receiver/x25-airplay-receiver/app/src/main/cpp/third_party/ffmpeg/libavutil/hwcontext_mediacodec.h
INSTALL	home/runner/work/x25-airplay-receiver/x25-airplay-receiver/app/src/main/cpp/third_party/ffmpeg/libavutil/hwcontext_opencl.h
INSTALL	home/runner/work/x25-airplay-receiver/x25-airplay-receiver/app/src/main/cpp/third_party/ffmpeg/libavutil/hwcontext_oh.h
INSTALL	home/runner/work/x25-airplay-receiver/x25-airplay-receiver/app/src/main/cpp/third_party/ffmpeg/libavutil/hwcontext_vaapi.h
INSTALL	home/runner/work/x25-airplay-receiver/x25-airplay-receiver/app/src/main/cpp/third_party/ffmpeg/libavutil/hwcontext_videotoolbox.h
INSTALL	home/runner/work/x25-airplay-receiver/x25-airplay-receiver/app/src/main/cpp/third_party/ffmpeg/libavutil/hwcontext_vdpau.h
INSTALL	home/runner/work/x25-airplay-receiver/x25-airplay-receiver/app/src/main/cpp/third_party/ffmpeg/libavutil/hwcontext_vulkan.h
INSTALL	home/runner/work/x25-airplay-receiver/x25-airplay-receiver/app/src/main/cpp/third_party/ffmpeg/libavutil/iamf.h
INSTALL	home/runner/work/x25-airplay-receiver/x25-airplay-receiver/app/src/main/cpp/third_party/ffmpeg/libavutil/imgutils.h
INSTALL	home/runner/work/x25-airplay-receiver/x25-airplay-receiver/app/src/main/cpp/third_party/ffmpeg/libavutil/intfloat.h
INSTALL	home/runner/work/x25-airplay-receiver/x25-airplay-receiver/app/src/main/cpp/third_party/ffmpeg/libavutil/intreadwrite.h
INSTALL	home/runner/work/x25-airplay-receiver/x25-airplay-receiver/app/src/main/cpp/third_party/ffmpeg/libavutil/lfg.h
INSTALL	home/runner/work/x25-airplay-receiver/x25-airplay-receiver/app/src/main/cpp/third_party/ffmpeg/libavutil/log.h
INSTALL	home/runner/work/x25-airplay-receiver/x25-airplay-receiver/app/src/main/cpp/third_party/ffmpeg/libavutil/lzo.h
INSTALL	home/runner/work/x25-airplay-receiver/x25-airplay-receiver/app/src/main/cpp/third_party/ffmpeg/libavutil/macros.h
INSTALL	home/runner/work/x25-airplay-receiver/x25-airplay-receiver/app/src/main/cpp/third_party/ffmpeg/libavutil/mathematics.h
INSTALL	home/runner/work/x25-airplay-receiver/x25-airplay-receiver/app/src/main/cpp/third_party/ffmpeg/libavutil/mastering_display_metadata.h
INSTALL	home/runner/work/x25-airplay-receiver/x25-airplay-receiver/app/src/main/cpp/third_party/ffmpeg/libavutil/md5.h
INSTALL	home/runner/work/x25-airplay-receiver/x25-airplay-receiver/app/src/main/cpp/third_party/ffmpeg/libavutil/mem.h
INSTALL	home/runner/work/x25-airplay-receiver/x25-airplay-receiver/app/src/main/cpp/third_party/ffmpeg/libavutil/motion_vector.h
INSTALL	home/runner/work/x25-airplay-receiver/x25-airplay-receiver/app/src/main/cpp/third_party/ffmpeg/libavutil/murmur3.h
INSTALL	home/runner/work/x25-airplay-receiver/x25-airplay-receiver/app/src/main/cpp/third_party/ffmpeg/libavutil/opt.h
INSTALL	home/runner/work/x25-airplay-receiver/x25-airplay-receiver/app/src/main/cpp/third_party/ffmpeg/libavutil/parseutils.h
INSTALL	home/runner/work/x25-airplay-receiver/x25-airplay-receiver/app/src/main/cpp/third_party/ffmpeg/libavutil/pixdesc.h
INSTALL	home/runner/work/x25-airplay-receiver/x25-airplay-receiver/app/src/main/cpp/third_party/ffmpeg/libavutil/pixelutils.h
INSTALL	home/runner/work/x25-airplay-receiver/x25-airplay-receiver/app/src/main/cpp/third_party/ffmpeg/libavutil/pixfmt.h
INSTALL	home/runner/work/x25-airplay-receiver/x25-airplay-receiver/app/src/main/cpp/third_party/ffmpeg/libavutil/random_seed.h
INSTALL	home/runner/work/x25-airplay-receiver/x25-airplay-receiver/app/src/main/cpp/third_party/ffmpeg/libavutil/rc4.h
INSTALL	home/runner/work/x25-airplay-receiver/x25-airplay-receiver/app/src/main/cpp/third_party/ffmpeg/libavutil/rational.h
INSTALL	home/runner/work/x25-airplay-receiver/x25-airplay-receiver/app/src/main/cpp/third_party/ffmpeg/libavutil/refstruct.h
INSTALL	home/runner/work/x25-airplay-receiver/x25-airplay-receiver/app/src/main/cpp/third_party/ffmpeg/libavutil/replaygain.h
INSTALL	home/runner/work/x25-airplay-receiver/x25-airplay-receiver/app/src/main/cpp/third_party/ffmpeg/libavutil/ripemd.h
INSTALL	home/runner/work/x25-airplay-receiver/x25-airplay-receiver/app/src/main/cpp/third_party/ffmpeg/libavutil/samplefmt.h
INSTALL	home/runner/work/x25-airplay-receiver/x25-airplay-receiver/app/src/main/cpp/third_party/ffmpeg/libavutil/sha.h
INSTALL	home/runner/work/x25-airplay-receiver/x25-airplay-receiver/app/src/main/cpp/third_party/ffmpeg/libavutil/sha512.h
INSTALL	home/runner/work/x25-airplay-receiver/x25-airplay-receiver/app/src/main/cpp/third_party/ffmpeg/libavutil/spherical.h
INSTALL	home/runner/work/x25-airplay-receiver/x25-airplay-receiver/app/src/main/cpp/third_party/ffmpeg/libavutil/stereo3d.h
INSTALL	home/runner/work/x25-airplay-receiver/x25-airplay-receiver/app/src/main/cpp/third_party/ffmpeg/libavutil/tdrdi.h
INSTALL	home/runner/work/x25-airplay-receiver/x25-airplay-receiver/app/src/main/cpp/third_party/ffmpeg/libavutil/threadmessage.h
INSTALL	home/runner/work/x25-airplay-receiver/x25-airplay-receiver/app/src/main/cpp/third_party/ffmpeg/libavutil/time.h
INSTALL	home/runner/work/x25-airplay-receiver/x25-airplay-receiver/app/src/main/cpp/third_party/ffmpeg/libavutil/timecode.h
INSTALL	home/runner/work/x25-airplay-receiver/x25-airplay-receiver/app/src/main/cpp/third_party/ffmpeg/libavutil/timestamp.h
INSTALL	home/runner/work/x25-airplay-receiver/x25-airplay-receiver/app/src/main/cpp/third_party/ffmpeg/libavutil/tree.h
INSTALL	home/runner/work/x25-airplay-receiver/x25-airplay-receiver/app/src/main/cpp/third_party/ffmpeg/libavutil/twofish.h
INSTALL	home/runner/work/x25-airplay-receiver/x25-airplay-receiver/app/src/main/cpp/third_party/ffmpeg/libavutil/uuid.h
INSTALL	home/runner/work/x25-airplay-receiver/x25-airplay-receiver/app/src/main/cpp/third_party/ffmpeg/libavutil/version.h
INSTALL	home/runner/work/x25-airplay-receiver/x25-airplay-receiver/app/src/main/cpp/third_party/ffmpeg/libavutil/video_enc_params.h
INSTALL	home/runner/work/x25-airplay-receiver/x25-airplay-receiver/app/src/main/cpp/third_party/ffmpeg/libavutil/xtea.h
INSTALL	home/runner/work/x25-airplay-receiver/x25-airplay-receiver/app/src/main/cpp/third_party/ffmpeg/libavutil/tea.h
INSTALL	home/runner/work/x25-airplay-receiver/x25-airplay-receiver/app/src/main/cpp/third_party/ffmpeg/libavutil/tx.h
INSTALL	home/runner/work/x25-airplay-receiver/x25-airplay-receiver/app/src/main/cpp/third_party/ffmpeg/libavutil/video_hint.h
INSTALL	libavutil/avconfig.h
INSTALL	libavutil/ffversion.h
INSTALL	libavutil/libavutil.pc
