"/usr/bin/make" depend && "/usr/bin/make" _build_libs
make[1]: Entering directory '/home/runner/work/x25-airplay-receiver/x25-airplay-receiver/app/.cxx/RelWithDebInfo/416841uv/x86_64/third_party/openssl-cmake/openssl-prefix/src/openssl'
make[1]: Leaving directory '/home/runner/work/x25-airplay-receiver/x25-airplay-receiver/app/.cxx/RelWithDebInfo/416841uv/x86_64/third_party/openssl-cmake/openssl-prefix/src/openssl'
make[1]: Entering directory '/home/runner/work/x25-airplay-receiver/x25-airplay-receiver/app/.cxx/RelWithDebInfo/416841uv/x86_64/third_party/openssl-cmake/openssl-prefix/src/openssl'
make[1]: Nothing to be done for '_build_libs'.
make[1]: Leaving directory '/home/runner/work/x25-airplay-receiver/x25-airplay-receiver/app/.cxx/RelWithDebInfo/416841uv/x86_64/third_party/openssl-cmake/openssl-prefix/src/openssl'
*** Installing runtime libraries
install libcrypto.so -> /home/runner/work/x25-airplay-receiver/x25-airplay-receiver/app/.cxx/RelWithDebInfo/416841uv/x86_64/third_party/openssl-cmake/openssl-build/usr/local/lib/libcrypto.so
install libssl.so -> /home/runner/work/x25-airplay-receiver/x25-airplay-receiver/app/.cxx/RelWithDebInfo/416841uv/x86_64/third_party/openssl-cmake/openssl-build/usr/local/lib/libssl.so
*** Installing development files
created directory `/home/runner/work/x25-airplay-receiver/x25-airplay-receiver/app/.cxx/RelWithDebInfo/416841uv/x86_64/third_party/openssl-cmake/openssl-build/usr/local/include'
created directory `/home/runner/work/x25-airplay-receiver/x25-airplay-receiver/app/.cxx/RelWithDebInfo/416841uv/x86_64/third_party/openssl-cmake/openssl-build/usr/local/include/openssl'
install ./include/openssl/aes.h -> /home/runner/work/x25-airplay-receiver/x25-airplay-receiver/app/.cxx/RelWithDebInfo/416841uv/x86_64/third_party/openssl-cmake/openssl-build/usr/local/include/openssl/aes.h
install ./include/openssl/asn1.h -> /home/runner/work/x25-airplay-receiver/x25-airplay-receiver/app/.cxx/RelWithDebInfo/416841uv/x86_64/third_party/openssl-cmake/openssl-build/usr/local/include/openssl/asn1.h
install ./include/openssl/asn1_mac.h -> /home/runner/work/x25-airplay-receiver/x25-airplay-receiver/app/.cxx/RelWithDebInfo/416841uv/x86_64/third_party/openssl-cmake/openssl-build/usr/local/include/openssl/asn1_mac.h
install ./include/openssl/asn1err.h -> /home/runner/work/x25-airplay-receiver/x25-airplay-receiver/app/.cxx/RelWithDebInfo/416841uv/x86_64/third_party/openssl-cmake/openssl-build/usr/local/include/openssl/asn1err.h
install ./include/openssl/asn1t.h -> /home/runner/work/x25-airplay-receiver/x25-airplay-receiver/app/.cxx/RelWithDebInfo/416841uv/x86_64/third_party/openssl-cmake/openssl-build/usr/local/include/openssl/asn1t.h
install ./include/openssl/async.h -> /home/runner/work/x25-airplay-receiver/x25-airplay-receiver/app/.cxx/RelWithDebInfo/416841uv/x86_64/third_party/openssl-cmake/openssl-build/usr/local/include/openssl/async.h
install ./include/openssl/asyncerr.h -> /home/runner/work/x25-airplay-receiver/x25-airplay-receiver/app/.cxx/RelWithDebInfo/416841uv/x86_64/third_party/openssl-cmake/openssl-build/usr/local/include/openssl/asyncerr.h
install ./include/openssl/bio.h -> /home/runner/work/x25-airplay-receiver/x25-airplay-receiver/app/.cxx/RelWithDebInfo/416841uv/x86_64/third_party/openssl-cmake/openssl-build/usr/local/include/openssl/bio.h
install ./include/openssl/bioerr.h -> /home/runner/work/x25-airplay-receiver/x25-airplay-receiver/app/.cxx/RelWithDebInfo/416841uv/x86_64/third_party/openssl-cmake/openssl-build/usr/local/include/openssl/bioerr.h
install ./include/openssl/blowfish.h -> /home/runner/work/x25-airplay-receiver/x25-airplay-receiver/app/.cxx/RelWithDebInfo/416841uv/x86_64/third_party/openssl-cmake/openssl-build/usr/local/include/openssl/blowfish.h
install ./include/openssl/bn.h -> /home/runner/work/x25-airplay-receiver/x25-airplay-receiver/app/.cxx/RelWithDebInfo/416841uv/x86_64/third_party/openssl-cmake/openssl-build/usr/local/include/openssl/bn.h
install ./include/openssl/bnerr.h -> /home/runner/work/x25-airplay-receiver/x25-airplay-receiver/app/.cxx/RelWithDebInfo/416841uv/x86_64/third_party/openssl-cmake/openssl-build/usr/local/include/openssl/bnerr.h
install ./include/openssl/buffer.h -> /home/runner/work/x25-airplay-receiver/x25-airplay-receiver/app/.cxx/RelWithDebInfo/416841uv/x86_64/third_party/openssl-cmake/openssl-build/usr/local/include/openssl/buffer.h
install ./include/openssl/buffererr.h -> /home/runner/work/x25-airplay-receiver/x25-airplay-receiver/app/.cxx/RelWithDebInfo/416841uv/x86_64/third_party/openssl-cmake/openssl-build/usr/local/include/openssl/buffererr.h
install ./include/openssl/camellia.h -> /home/runner/work/x25-airplay-receiver/x25-airplay-receiver/app/.cxx/RelWithDebInfo/416841uv/x86_64/third_party/openssl-cmake/openssl-build/usr/local/include/openssl/camellia.h
install ./include/openssl/cast.h -> /home/runner/work/x25-airplay-receiver/x25-airplay-receiver/app/.cxx/RelWithDebInfo/416841uv/x86_64/third_party/openssl-cmake/openssl-build/usr/local/include/openssl/cast.h
install ./include/openssl/cmac.h -> /home/runner/work/x25-airplay-receiver/x25-airplay-receiver/app/.cxx/RelWithDebInfo/416841uv/x86_64/third_party/openssl-cmake/openssl-build/usr/local/include/openssl/cmac.h
install ./include/openssl/cmp.h -> /home/runner/work/x25-airplay-receiver/x25-airplay-receiver/app/.cxx/RelWithDebInfo/416841uv/x86_64/third_party/openssl-cmake/openssl-build/usr/local/include/openssl/cmp.h
install ./include/openssl/cmp_util.h -> /home/runner/work/x25-airplay-receiver/x25-airplay-receiver/app/.cxx/RelWithDebInfo/416841uv/x86_64/third_party/openssl-cmake/openssl-build/usr/local/include/openssl/cmp_util.h
install ./include/openssl/cmperr.h -> /home/runner/work/x25-airplay-receiver/x25-airplay-receiver/app/.cxx/RelWithDebInfo/416841uv/x86_64/third_party/openssl-cmake/openssl-build/usr/local/include/openssl/cmperr.h
install ./include/openssl/cms.h -> /home/runner/work/x25-airplay-receiver/x25-airplay-receiver/app/.cxx/RelWithDebInfo/416841uv/x86_64/third_party/openssl-cmake/openssl-build/usr/local/include/openssl/cms.h
install ./include/openssl/cmserr.h -> /home/runner/work/x25-airplay-receiver/x25-airplay-receiver/app/.cxx/RelWithDebInfo/416841uv/x86_64/third_party/openssl-cmake/openssl-build/usr/local/include/openssl/cmserr.h
install ./include/openssl/comp.h -> /home/runner/work/x25-airplay-receiver/x25-airplay-receiver/app/.cxx/RelWithDebInfo/416841uv/x86_64/third_party/openssl-cmake/openssl-build/usr/local/include/openssl/comp.h
install ./include/openssl/comperr.h -> /home/runner/work/x25-airplay-receiver/x25-airplay-receiver/app/.cxx/RelWithDebInfo/416841uv/x86_64/third_party/openssl-cmake/openssl-build/usr/local/include/openssl/comperr.h
install ./include/openssl/conf.h -> /home/runner/work/x25-airplay-receiver/x25-airplay-receiver/app/.cxx/RelWithDebInfo/416841uv/x86_64/third_party/openssl-cmake/openssl-build/usr/local/include/openssl/conf.h
install ./include/openssl/conf_api.h -> /home/runner/work/x25-airplay-receiver/x25-airplay-receiver/app/.cxx/RelWithDebInfo/416841uv/x86_64/third_party/openssl-cmake/openssl-build/usr/local/include/openssl/conf_api.h
install ./include/openssl/conferr.h -> /home/runner/work/x25-airplay-receiver/x25-airplay-receiver/app/.cxx/RelWithDebInfo/416841uv/x86_64/third_party/openssl-cmake/openssl-build/usr/local/include/openssl/conferr.h
install ./include/openssl/configuration.h -> /home/runner/work/x25-airplay-receiver/x25-airplay-receiver/app/.cxx/RelWithDebInfo/416841uv/x86_64/third_party/openssl-cmake/openssl-build/usr/local/include/openssl/configuration.h
install ./include/openssl/conftypes.h -> /home/runner/work/x25-airplay-receiver/x25-airplay-receiver/app/.cxx/RelWithDebInfo/416841uv/x86_64/third_party/openssl-cmake/openssl-build/usr/local/include/openssl/conftypes.h
install ./include/openssl/core.h -> /home/runner/work/x25-airplay-receiver/x25-airplay-receiver/app/.cxx/RelWithDebInfo/416841uv/x86_64/third_party/openssl-cmake/openssl-build/usr/local/include/openssl/core.h
install ./include/openssl/core_dispatch.h -> /home/runner/work/x25-airplay-receiver/x25-airplay-receiver/app/.cxx/RelWithDebInfo/416841uv/x86_64/third_party/openssl-cmake/openssl-build/usr/local/include/openssl/core_dispatch.h
install ./include/openssl/core_names.h -> /home/runner/work/x25-airplay-receiver/x25-airplay-receiver/app/.cxx/RelWithDebInfo/416841uv/x86_64/third_party/openssl-cmake/openssl-build/usr/local/include/openssl/core_names.h
install ./include/openssl/core_object.h -> /home/runner/work/x25-airplay-receiver/x25-airplay-receiver/app/.cxx/RelWithDebInfo/416841uv/x86_64/third_party/openssl-cmake/openssl-build/usr/local/include/openssl/core_object.h
install ./include/openssl/crmf.h -> /home/runner/work/x25-airplay-receiver/x25-airplay-receiver/app/.cxx/RelWithDebInfo/416841uv/x86_64/third_party/openssl-cmake/openssl-build/usr/local/include/openssl/crmf.h
install ./include/openssl/crmferr.h -> /home/runner/work/x25-airplay-receiver/x25-airplay-receiver/app/.cxx/RelWithDebInfo/416841uv/x86_64/third_party/openssl-cmake/openssl-build/usr/local/include/openssl/crmferr.h
install ./include/openssl/crypto.h -> /home/runner/work/x25-airplay-receiver/x25-airplay-receiver/app/.cxx/RelWithDebInfo/416841uv/x86_64/third_party/openssl-cmake/openssl-build/usr/local/include/openssl/crypto.h
install ./include/openssl/cryptoerr.h -> /home/runner/work/x25-airplay-receiver/x25-airplay-receiver/app/.cxx/RelWithDebInfo/416841uv/x86_64/third_party/openssl-cmake/openssl-build/usr/local/include/openssl/cryptoerr.h
install ./include/openssl/cryptoerr_legacy.h -> /home/runner/work/x25-airplay-receiver/x25-airplay-receiver/app/.cxx/RelWithDebInfo/416841uv/x86_64/third_party/openssl-cmake/openssl-build/usr/local/include/openssl/cryptoerr_legacy.h
install ./include/openssl/ct.h -> /home/runner/work/x25-airplay-receiver/x25-airplay-receiver/app/.cxx/RelWithDebInfo/416841uv/x86_64/third_party/openssl-cmake/openssl-build/usr/local/include/openssl/ct.h
install ./include/openssl/cterr.h -> /home/runner/work/x25-airplay-receiver/x25-airplay-receiver/app/.cxx/RelWithDebInfo/416841uv/x86_64/third_party/openssl-cmake/openssl-build/usr/local/include/openssl/cterr.h
install ./include/openssl/decoder.h -> /home/runner/work/x25-airplay-receiver/x25-airplay-receiver/app/.cxx/RelWithDebInfo/416841uv/x86_64/third_party/openssl-cmake/openssl-build/usr/local/include/openssl/decoder.h
install ./include/openssl/decodererr.h -> /home/runner/work/x25-airplay-receiver/x25-airplay-receiver/app/.cxx/RelWithDebInfo/416841uv/x86_64/third_party/openssl-cmake/openssl-build/usr/local/include/openssl/decodererr.h
install ./include/openssl/des.h -> /home/runner/work/x25-airplay-receiver/x25-airplay-receiver/app/.cxx/RelWithDebInfo/416841uv/x86_64/third_party/openssl-cmake/openssl-build/usr/local/include/openssl/des.h
install ./include/openssl/dh.h -> /home/runner/work/x25-airplay-receiver/x25-airplay-receiver/app/.cxx/RelWithDebInfo/416841uv/x86_64/third_party/openssl-cmake/openssl-build/usr/local/include/openssl/dh.h
install ./include/openssl/dherr.h -> /home/runner/work/x25-airplay-receiver/x25-airplay-receiver/app/.cxx/RelWithDebInfo/416841uv/x86_64/third_party/openssl-cmake/openssl-build/usr/local/include/openssl/dherr.h
install ./include/openssl/dsa.h -> /home/runner/work/x25-airplay-receiver/x25-airplay-receiver/app/.cxx/RelWithDebInfo/416841uv/x86_64/third_party/openssl-cmake/openssl-build/usr/local/include/openssl/dsa.h
install ./include/openssl/dsaerr.h -> /home/runner/work/x25-airplay-receiver/x25-airplay-receiver/app/.cxx/RelWithDebInfo/416841uv/x86_64/third_party/openssl-cmake/openssl-build/usr/local/include/openssl/dsaerr.h
install ./include/openssl/dtls1.h -> /home/runner/work/x25-airplay-receiver/x25-airplay-receiver/app/.cxx/RelWithDebInfo/416841uv/x86_64/third_party/openssl-cmake/openssl-build/usr/local/include/openssl/dtls1.h
install ./include/openssl/e_os2.h -> /home/runner/work/x25-airplay-receiver/x25-airplay-receiver/app/.cxx/RelWithDebInfo/416841uv/x86_64/third_party/openssl-cmake/openssl-build/usr/local/include/openssl/e_os2.h
install ./include/openssl/e_ostime.h -> /home/runner/work/x25-airplay-receiver/x25-airplay-receiver/app/.cxx/RelWithDebInfo/416841uv/x86_64/third_party/openssl-cmake/openssl-build/usr/local/include/openssl/e_ostime.h
install ./include/openssl/ebcdic.h -> /home/runner/work/x25-airplay-receiver/x25-airplay-receiver/app/.cxx/RelWithDebInfo/416841uv/x86_64/third_party/openssl-cmake/openssl-build/usr/local/include/openssl/ebcdic.h
install ./include/openssl/ec.h -> /home/runner/work/x25-airplay-receiver/x25-airplay-receiver/app/.cxx/RelWithDebInfo/416841uv/x86_64/third_party/openssl-cmake/openssl-build/usr/local/include/openssl/ec.h
install ./include/openssl/ecdh.h -> /home/runner/work/x25-airplay-receiver/x25-airplay-receiver/app/.cxx/RelWithDebInfo/416841uv/x86_64/third_party/openssl-cmake/openssl-build/usr/local/include/openssl/ecdh.h
install ./include/openssl/ecdsa.h -> /home/runner/work/x25-airplay-receiver/x25-airplay-receiver/app/.cxx/RelWithDebInfo/416841uv/x86_64/third_party/openssl-cmake/openssl-build/usr/local/include/openssl/ecdsa.h
install ./include/openssl/ecerr.h -> /home/runner/work/x25-airplay-receiver/x25-airplay-receiver/app/.cxx/RelWithDebInfo/416841uv/x86_64/third_party/openssl-cmake/openssl-build/usr/local/include/openssl/ecerr.h
install ./include/openssl/encoder.h -> /home/runner/work/x25-airplay-receiver/x25-airplay-receiver/app/.cxx/RelWithDebInfo/416841uv/x86_64/third_party/openssl-cmake/openssl-build/usr/local/include/openssl/encoder.h
install ./include/openssl/encodererr.h -> /home/runner/work/x25-airplay-receiver/x25-airplay-receiver/app/.cxx/RelWithDebInfo/416841uv/x86_64/third_party/openssl-cmake/openssl-build/usr/local/include/openssl/encodererr.h
install ./include/openssl/engine.h -> /home/runner/work/x25-airplay-receiver/x25-airplay-receiver/app/.cxx/RelWithDebInfo/416841uv/x86_64/third_party/openssl-cmake/openssl-build/usr/local/include/openssl/engine.h
install ./include/openssl/engineerr.h -> /home/runner/work/x25-airplay-receiver/x25-airplay-receiver/app/.cxx/RelWithDebInfo/416841uv/x86_64/third_party/openssl-cmake/openssl-build/usr/local/include/openssl/engineerr.h
install ./include/openssl/err.h -> /home/runner/work/x25-airplay-receiver/x25-airplay-receiver/app/.cxx/RelWithDebInfo/416841uv/x86_64/third_party/openssl-cmake/openssl-build/usr/local/include/openssl/err.h
install ./include/openssl/ess.h -> /home/runner/work/x25-airplay-receiver/x25-airplay-receiver/app/.cxx/RelWithDebInfo/416841uv/x86_64/third_party/openssl-cmake/openssl-build/usr/local/include/openssl/ess.h
install ./include/openssl/esserr.h -> /home/runner/work/x25-airplay-receiver/x25-airplay-receiver/app/.cxx/RelWithDebInfo/416841uv/x86_64/third_party/openssl-cmake/openssl-build/usr/local/include/openssl/esserr.h
install ./include/openssl/evp.h -> /home/runner/work/x25-airplay-receiver/x25-airplay-receiver/app/.cxx/RelWithDebInfo/416841uv/x86_64/third_party/openssl-cmake/openssl-build/usr/local/include/openssl/evp.h
install ./include/openssl/evperr.h -> /home/runner/work/x25-airplay-receiver/x25-airplay-receiver/app/.cxx/RelWithDebInfo/416841uv/x86_64/third_party/openssl-cmake/openssl-build/usr/local/include/openssl/evperr.h
install ./include/openssl/fips_names.h -> /home/runner/work/x25-airplay-receiver/x25-airplay-receiver/app/.cxx/RelWithDebInfo/416841uv/x86_64/third_party/openssl-cmake/openssl-build/usr/local/include/openssl/fips_names.h
install ./include/openssl/fipskey.h -> /home/runner/work/x25-airplay-receiver/x25-airplay-receiver/app/.cxx/RelWithDebInfo/416841uv/x86_64/third_party/openssl-cmake/openssl-build/usr/local/include/openssl/fipskey.h
install ./include/openssl/hmac.h -> /home/runner/work/x25-airplay-receiver/x25-airplay-receiver/app/.cxx/RelWithDebInfo/416841uv/x86_64/third_party/openssl-cmake/openssl-build/usr/local/include/openssl/hmac.h
install ./include/openssl/hpke.h -> /home/runner/work/x25-airplay-receiver/x25-airplay-receiver/app/.cxx/RelWithDebInfo/416841uv/x86_64/third_party/openssl-cmake/openssl-build/usr/local/include/openssl/hpke.h
install ./include/openssl/http.h -> /home/runner/work/x25-airplay-receiver/x25-airplay-receiver/app/.cxx/RelWithDebInfo/416841uv/x86_64/third_party/openssl-cmake/openssl-build/usr/local/include/openssl/http.h
install ./include/openssl/httperr.h -> /home/runner/work/x25-airplay-receiver/x25-airplay-receiver/app/.cxx/RelWithDebInfo/416841uv/x86_64/third_party/openssl-cmake/openssl-build/usr/local/include/openssl/httperr.h
install ./include/openssl/idea.h -> /home/runner/work/x25-airplay-receiver/x25-airplay-receiver/app/.cxx/RelWithDebInfo/416841uv/x86_64/third_party/openssl-cmake/openssl-build/usr/local/include/openssl/idea.h
install ./include/openssl/indicator.h -> /home/runner/work/x25-airplay-receiver/x25-airplay-receiver/app/.cxx/RelWithDebInfo/416841uv/x86_64/third_party/openssl-cmake/openssl-build/usr/local/include/openssl/indicator.h
install ./include/openssl/kdf.h -> /home/runner/work/x25-airplay-receiver/x25-airplay-receiver/app/.cxx/RelWithDebInfo/416841uv/x86_64/third_party/openssl-cmake/openssl-build/usr/local/include/openssl/kdf.h
install ./include/openssl/kdferr.h -> /home/runner/work/x25-airplay-receiver/x25-airplay-receiver/app/.cxx/RelWithDebInfo/416841uv/x86_64/third_party/openssl-cmake/openssl-build/usr/local/include/openssl/kdferr.h
install ./include/openssl/lhash.h -> /home/runner/work/x25-airplay-receiver/x25-airplay-receiver/app/.cxx/RelWithDebInfo/416841uv/x86_64/third_party/openssl-cmake/openssl-build/usr/local/include/openssl/lhash.h
install ./include/openssl/macros.h -> /home/runner/work/x25-airplay-receiver/x25-airplay-receiver/app/.cxx/RelWithDebInfo/416841uv/x86_64/third_party/openssl-cmake/openssl-build/usr/local/include/openssl/macros.h
install ./include/openssl/md2.h -> /home/runner/work/x25-airplay-receiver/x25-airplay-receiver/app/.cxx/RelWithDebInfo/416841uv/x86_64/third_party/openssl-cmake/openssl-build/usr/local/include/openssl/md2.h
install ./include/openssl/md4.h -> /home/runner/work/x25-airplay-receiver/x25-airplay-receiver/app/.cxx/RelWithDebInfo/416841uv/x86_64/third_party/openssl-cmake/openssl-build/usr/local/include/openssl/md4.h
install ./include/openssl/md5.h -> /home/runner/work/x25-airplay-receiver/x25-airplay-receiver/app/.cxx/RelWithDebInfo/416841uv/x86_64/third_party/openssl-cmake/openssl-build/usr/local/include/openssl/md5.h
install ./include/openssl/mdc2.h -> /home/runner/work/x25-airplay-receiver/x25-airplay-receiver/app/.cxx/RelWithDebInfo/416841uv/x86_64/third_party/openssl-cmake/openssl-build/usr/local/include/openssl/mdc2.h
install ./include/openssl/modes.h -> /home/runner/work/x25-airplay-receiver/x25-airplay-receiver/app/.cxx/RelWithDebInfo/416841uv/x86_64/third_party/openssl-cmake/openssl-build/usr/local/include/openssl/modes.h
install ./include/openssl/obj_mac.h -> /home/runner/work/x25-airplay-receiver/x25-airplay-receiver/app/.cxx/RelWithDebInfo/416841uv/x86_64/third_party/openssl-cmake/openssl-build/usr/local/include/openssl/obj_mac.h
install ./include/openssl/objects.h -> /home/runner/work/x25-airplay-receiver/x25-airplay-receiver/app/.cxx/RelWithDebInfo/416841uv/x86_64/third_party/openssl-cmake/openssl-build/usr/local/include/openssl/objects.h
install ./include/openssl/objectserr.h -> /home/runner/work/x25-airplay-receiver/x25-airplay-receiver/app/.cxx/RelWithDebInfo/416841uv/x86_64/third_party/openssl-cmake/openssl-build/usr/local/include/openssl/objectserr.h
install ./include/openssl/ocsp.h -> /home/runner/work/x25-airplay-receiver/x25-airplay-receiver/app/.cxx/RelWithDebInfo/416841uv/x86_64/third_party/openssl-cmake/openssl-build/usr/local/include/openssl/ocsp.h
install ./include/openssl/ocsperr.h -> /home/runner/work/x25-airplay-receiver/x25-airplay-receiver/app/.cxx/RelWithDebInfo/416841uv/x86_64/third_party/openssl-cmake/openssl-build/usr/local/include/openssl/ocsperr.h
install ./include/openssl/opensslconf.h -> /home/runner/work/x25-airplay-receiver/x25-airplay-receiver/app/.cxx/RelWithDebInfo/416841uv/x86_64/third_party/openssl-cmake/openssl-build/usr/local/include/openssl/opensslconf.h
install ./include/openssl/opensslv.h -> /home/runner/work/x25-airplay-receiver/x25-airplay-receiver/app/.cxx/RelWithDebInfo/416841uv/x86_64/third_party/openssl-cmake/openssl-build/usr/local/include/openssl/opensslv.h
install ./include/openssl/ossl_typ.h -> /home/runner/work/x25-airplay-receiver/x25-airplay-receiver/app/.cxx/RelWithDebInfo/416841uv/x86_64/third_party/openssl-cmake/openssl-build/usr/local/include/openssl/ossl_typ.h
install ./include/openssl/param_build.h -> /home/runner/work/x25-airplay-receiver/x25-airplay-receiver/app/.cxx/RelWithDebInfo/416841uv/x86_64/third_party/openssl-cmake/openssl-build/usr/local/include/openssl/param_build.h
install ./include/openssl/params.h -> /home/runner/work/x25-airplay-receiver/x25-airplay-receiver/app/.cxx/RelWithDebInfo/416841uv/x86_64/third_party/openssl-cmake/openssl-build/usr/local/include/openssl/params.h
install ./include/openssl/pem.h -> /home/runner/work/x25-airplay-receiver/x25-airplay-receiver/app/.cxx/RelWithDebInfo/416841uv/x86_64/third_party/openssl-cmake/openssl-build/usr/local/include/openssl/pem.h
install ./include/openssl/pem2.h -> /home/runner/work/x25-airplay-receiver/x25-airplay-receiver/app/.cxx/RelWithDebInfo/416841uv/x86_64/third_party/openssl-cmake/openssl-build/usr/local/include/openssl/pem2.h
install ./include/openssl/pemerr.h -> /home/runner/work/x25-airplay-receiver/x25-airplay-receiver/app/.cxx/RelWithDebInfo/416841uv/x86_64/third_party/openssl-cmake/openssl-build/usr/local/include/openssl/pemerr.h
install ./include/openssl/pkcs12.h -> /home/runner/work/x25-airplay-receiver/x25-airplay-receiver/app/.cxx/RelWithDebInfo/416841uv/x86_64/third_party/openssl-cmake/openssl-build/usr/local/include/openssl/pkcs12.h
install ./include/openssl/pkcs12err.h -> /home/runner/work/x25-airplay-receiver/x25-airplay-receiver/app/.cxx/RelWithDebInfo/416841uv/x86_64/third_party/openssl-cmake/openssl-build/usr/local/include/openssl/pkcs12err.h
install ./include/openssl/pkcs7.h -> /home/runner/work/x25-airplay-receiver/x25-airplay-receiver/app/.cxx/RelWithDebInfo/416841uv/x86_64/third_party/openssl-cmake/openssl-build/usr/local/include/openssl/pkcs7.h
install ./include/openssl/pkcs7err.h -> /home/runner/work/x25-airplay-receiver/x25-airplay-receiver/app/.cxx/RelWithDebInfo/416841uv/x86_64/third_party/openssl-cmake/openssl-build/usr/local/include/openssl/pkcs7err.h
install ./include/openssl/prov_ssl.h -> /home/runner/work/x25-airplay-receiver/x25-airplay-receiver/app/.cxx/RelWithDebInfo/416841uv/x86_64/third_party/openssl-cmake/openssl-build/usr/local/include/openssl/prov_ssl.h
install ./include/openssl/proverr.h -> /home/runner/work/x25-airplay-receiver/x25-airplay-receiver/app/.cxx/RelWithDebInfo/416841uv/x86_64/third_party/openssl-cmake/openssl-build/usr/local/include/openssl/proverr.h
install ./include/openssl/provider.h -> /home/runner/work/x25-airplay-receiver/x25-airplay-receiver/app/.cxx/RelWithDebInfo/416841uv/x86_64/third_party/openssl-cmake/openssl-build/usr/local/include/openssl/provider.h
install ./include/openssl/quic.h -> /home/runner/work/x25-airplay-receiver/x25-airplay-receiver/app/.cxx/RelWithDebInfo/416841uv/x86_64/third_party/openssl-cmake/openssl-build/usr/local/include/openssl/quic.h
install ./include/openssl/rand.h -> /home/runner/work/x25-airplay-receiver/x25-airplay-receiver/app/.cxx/RelWithDebInfo/416841uv/x86_64/third_party/openssl-cmake/openssl-build/usr/local/include/openssl/rand.h
install ./include/openssl/randerr.h -> /home/runner/work/x25-airplay-receiver/x25-airplay-receiver/app/.cxx/RelWithDebInfo/416841uv/x86_64/third_party/openssl-cmake/openssl-build/usr/local/include/openssl/randerr.h
install ./include/openssl/rc2.h -> /home/runner/work/x25-airplay-receiver/x25-airplay-receiver/app/.cxx/RelWithDebInfo/416841uv/x86_64/third_party/openssl-cmake/openssl-build/usr/local/include/openssl/rc2.h
install ./include/openssl/rc4.h -> /home/runner/work/x25-airplay-receiver/x25-airplay-receiver/app/.cxx/RelWithDebInfo/416841uv/x86_64/third_party/openssl-cmake/openssl-build/usr/local/include/openssl/rc4.h
install ./include/openssl/rc5.h -> /home/runner/work/x25-airplay-receiver/x25-airplay-receiver/app/.cxx/RelWithDebInfo/416841uv/x86_64/third_party/openssl-cmake/openssl-build/usr/local/include/openssl/rc5.h
install ./include/openssl/ripemd.h -> /home/runner/work/x25-airplay-receiver/x25-airplay-receiver/app/.cxx/RelWithDebInfo/416841uv/x86_64/third_party/openssl-cmake/openssl-build/usr/local/include/openssl/ripemd.h
install ./include/openssl/rsa.h -> /home/runner/work/x25-airplay-receiver/x25-airplay-receiver/app/.cxx/RelWithDebInfo/416841uv/x86_64/third_party/openssl-cmake/openssl-build/usr/local/include/openssl/rsa.h
install ./include/openssl/rsaerr.h -> /home/runner/work/x25-airplay-receiver/x25-airplay-receiver/app/.cxx/RelWithDebInfo/416841uv/x86_64/third_party/openssl-cmake/openssl-build/usr/local/include/openssl/rsaerr.h
install ./include/openssl/safestack.h -> /home/runner/work/x25-airplay-receiver/x25-airplay-receiver/app/.cxx/RelWithDebInfo/416841uv/x86_64/third_party/openssl-cmake/openssl-build/usr/local/include/openssl/safestack.h
install ./include/openssl/seed.h -> /home/runner/work/x25-airplay-receiver/x25-airplay-receiver/app/.cxx/RelWithDebInfo/416841uv/x86_64/third_party/openssl-cmake/openssl-build/usr/local/include/openssl/seed.h
install ./include/openssl/self_test.h -> /home/runner/work/x25-airplay-receiver/x25-airplay-receiver/app/.cxx/RelWithDebInfo/416841uv/x86_64/third_party/openssl-cmake/openssl-build/usr/local/include/openssl/self_test.h
install ./include/openssl/sha.h -> /home/runner/work/x25-airplay-receiver/x25-airplay-receiver/app/.cxx/RelWithDebInfo/416841uv/x86_64/third_party/openssl-cmake/openssl-build/usr/local/include/openssl/sha.h
install ./include/openssl/srp.h -> /home/runner/work/x25-airplay-receiver/x25-airplay-receiver/app/.cxx/RelWithDebInfo/416841uv/x86_64/third_party/openssl-cmake/openssl-build/usr/local/include/openssl/srp.h
install ./include/openssl/srtp.h -> /home/runner/work/x25-airplay-receiver/x25-airplay-receiver/app/.cxx/RelWithDebInfo/416841uv/x86_64/third_party/openssl-cmake/openssl-build/usr/local/include/openssl/srtp.h
install ./include/openssl/ssl.h -> /home/runner/work/x25-airplay-receiver/x25-airplay-receiver/app/.cxx/RelWithDebInfo/416841uv/x86_64/third_party/openssl-cmake/openssl-build/usr/local/include/openssl/ssl.h
install ./include/openssl/ssl2.h -> /home/runner/work/x25-airplay-receiver/x25-airplay-receiver/app/.cxx/RelWithDebInfo/416841uv/x86_64/third_party/openssl-cmake/openssl-build/usr/local/include/openssl/ssl2.h
install ./include/openssl/ssl3.h -> /home/runner/work/x25-airplay-receiver/x25-airplay-receiver/app/.cxx/RelWithDebInfo/416841uv/x86_64/third_party/openssl-cmake/openssl-build/usr/local/include/openssl/ssl3.h
install ./include/openssl/sslerr.h -> /home/runner/work/x25-airplay-receiver/x25-airplay-receiver/app/.cxx/RelWithDebInfo/416841uv/x86_64/third_party/openssl-cmake/openssl-build/usr/local/include/openssl/sslerr.h
install ./include/openssl/sslerr_legacy.h -> /home/runner/work/x25-airplay-receiver/x25-airplay-receiver/app/.cxx/RelWithDebInfo/416841uv/x86_64/third_party/openssl-cmake/openssl-build/usr/local/include/openssl/sslerr_legacy.h
install ./include/openssl/stack.h -> /home/runner/work/x25-airplay-receiver/x25-airplay-receiver/app/.cxx/RelWithDebInfo/416841uv/x86_64/third_party/openssl-cmake/openssl-build/usr/local/include/openssl/stack.h
install ./include/openssl/store.h -> /home/runner/work/x25-airplay-receiver/x25-airplay-receiver/app/.cxx/RelWithDebInfo/416841uv/x86_64/third_party/openssl-cmake/openssl-build/usr/local/include/openssl/store.h
install ./include/openssl/storeerr.h -> /home/runner/work/x25-airplay-receiver/x25-airplay-receiver/app/.cxx/RelWithDebInfo/416841uv/x86_64/third_party/openssl-cmake/openssl-build/usr/local/include/openssl/storeerr.h
install ./include/openssl/symhacks.h -> /home/runner/work/x25-airplay-receiver/x25-airplay-receiver/app/.cxx/RelWithDebInfo/416841uv/x86_64/third_party/openssl-cmake/openssl-build/usr/local/include/openssl/symhacks.h
install ./include/openssl/thread.h -> /home/runner/work/x25-airplay-receiver/x25-airplay-receiver/app/.cxx/RelWithDebInfo/416841uv/x86_64/third_party/openssl-cmake/openssl-build/usr/local/include/openssl/thread.h
install ./include/openssl/tls1.h -> /home/runner/work/x25-airplay-receiver/x25-airplay-receiver/app/.cxx/RelWithDebInfo/416841uv/x86_64/third_party/openssl-cmake/openssl-build/usr/local/include/openssl/tls1.h
install ./include/openssl/trace.h -> /home/runner/work/x25-airplay-receiver/x25-airplay-receiver/app/.cxx/RelWithDebInfo/416841uv/x86_64/third_party/openssl-cmake/openssl-build/usr/local/include/openssl/trace.h
install ./include/openssl/ts.h -> /home/runner/work/x25-airplay-receiver/x25-airplay-receiver/app/.cxx/RelWithDebInfo/416841uv/x86_64/third_party/openssl-cmake/openssl-build/usr/local/include/openssl/ts.h
install ./include/openssl/tserr.h -> /home/runner/work/x25-airplay-receiver/x25-airplay-receiver/app/.cxx/RelWithDebInfo/416841uv/x86_64/third_party/openssl-cmake/openssl-build/usr/local/include/openssl/tserr.h
install ./include/openssl/txt_db.h -> /home/runner/work/x25-airplay-receiver/x25-airplay-receiver/app/.cxx/RelWithDebInfo/416841uv/x86_64/third_party/openssl-cmake/openssl-build/usr/local/include/openssl/txt_db.h
install ./include/openssl/types.h -> /home/runner/work/x25-airplay-receiver/x25-airplay-receiver/app/.cxx/RelWithDebInfo/416841uv/x86_64/third_party/openssl-cmake/openssl-build/usr/local/include/openssl/types.h
install ./include/openssl/ui.h -> /home/runner/work/x25-airplay-receiver/x25-airplay-receiver/app/.cxx/RelWithDebInfo/416841uv/x86_64/third_party/openssl-cmake/openssl-build/usr/local/include/openssl/ui.h
install ./include/openssl/uierr.h -> /home/runner/work/x25-airplay-receiver/x25-airplay-receiver/app/.cxx/RelWithDebInfo/416841uv/x86_64/third_party/openssl-cmake/openssl-build/usr/local/include/openssl/uierr.h
install ./include/openssl/whrlpool.h -> /home/runner/work/x25-airplay-receiver/x25-airplay-receiver/app/.cxx/RelWithDebInfo/416841uv/x86_64/third_party/openssl-cmake/openssl-build/usr/local/include/openssl/whrlpool.h
install ./include/openssl/x509.h -> /home/runner/work/x25-airplay-receiver/x25-airplay-receiver/app/.cxx/RelWithDebInfo/416841uv/x86_64/third_party/openssl-cmake/openssl-build/usr/local/include/openssl/x509.h
install ./include/openssl/x509_acert.h -> /home/runner/work/x25-airplay-receiver/x25-airplay-receiver/app/.cxx/RelWithDebInfo/416841uv/x86_64/third_party/openssl-cmake/openssl-build/usr/local/include/openssl/x509_acert.h
install ./include/openssl/x509_vfy.h -> /home/runner/work/x25-airplay-receiver/x25-airplay-receiver/app/.cxx/RelWithDebInfo/416841uv/x86_64/third_party/openssl-cmake/openssl-build/usr/local/include/openssl/x509_vfy.h
install ./include/openssl/x509err.h -> /home/runner/work/x25-airplay-receiver/x25-airplay-receiver/app/.cxx/RelWithDebInfo/416841uv/x86_64/third_party/openssl-cmake/openssl-build/usr/local/include/openssl/x509err.h
install ./include/openssl/x509v3.h -> /home/runner/work/x25-airplay-receiver/x25-airplay-receiver/app/.cxx/RelWithDebInfo/416841uv/x86_64/third_party/openssl-cmake/openssl-build/usr/local/include/openssl/x509v3.h
install ./include/openssl/x509v3err.h -> /home/runner/work/x25-airplay-receiver/x25-airplay-receiver/app/.cxx/RelWithDebInfo/416841uv/x86_64/third_party/openssl-cmake/openssl-build/usr/local/include/openssl/x509v3err.h
install ./include/openssl/aes.h -> /home/runner/work/x25-airplay-receiver/x25-airplay-receiver/app/.cxx/RelWithDebInfo/416841uv/x86_64/third_party/openssl-cmake/openssl-build/usr/local/include/openssl/aes.h
install ./include/openssl/asn1.h -> /home/runner/work/x25-airplay-receiver/x25-airplay-receiver/app/.cxx/RelWithDebInfo/416841uv/x86_64/third_party/openssl-cmake/openssl-build/usr/local/include/openssl/asn1.h
install ./include/openssl/asn1_mac.h -> /home/runner/work/x25-airplay-receiver/x25-airplay-receiver/app/.cxx/RelWithDebInfo/416841uv/x86_64/third_party/openssl-cmake/openssl-build/usr/local/include/openssl/asn1_mac.h
install ./include/openssl/asn1err.h -> /home/runner/work/x25-airplay-receiver/x25-airplay-receiver/app/.cxx/RelWithDebInfo/416841uv/x86_64/third_party/openssl-cmake/openssl-build/usr/local/include/openssl/asn1err.h
install ./include/openssl/asn1t.h -> /home/runner/work/x25-airplay-receiver/x25-airplay-receiver/app/.cxx/RelWithDebInfo/416841uv/x86_64/third_party/openssl-cmake/openssl-build/usr/local/include/openssl/asn1t.h
install ./include/openssl/async.h -> /home/runner/work/x25-airplay-receiver/x25-airplay-receiver/app/.cxx/RelWithDebInfo/416841uv/x86_64/third_party/openssl-cmake/openssl-build/usr/local/include/openssl/async.h
install ./include/openssl/asyncerr.h -> /home/runner/work/x25-airplay-receiver/x25-airplay-receiver/app/.cxx/RelWithDebInfo/416841uv/x86_64/third_party/openssl-cmake/openssl-build/usr/local/include/openssl/asyncerr.h
install ./include/openssl/bio.h -> /home/runner/work/x25-airplay-receiver/x25-airplay-receiver/app/.cxx/RelWithDebInfo/416841uv/x86_64/third_party/openssl-cmake/openssl-build/usr/local/include/openssl/bio.h
install ./include/openssl/bioerr.h -> /home/runner/work/x25-airplay-receiver/x25-airplay-receiver/app/.cxx/RelWithDebInfo/416841uv/x86_64/third_party/openssl-cmake/openssl-build/usr/local/include/openssl/bioerr.h
install ./include/openssl/blowfish.h -> /home/runner/work/x25-airplay-receiver/x25-airplay-receiver/app/.cxx/RelWithDebInfo/416841uv/x86_64/third_party/openssl-cmake/openssl-build/usr/local/include/openssl/blowfish.h
install ./include/openssl/bn.h -> /home/runner/work/x25-airplay-receiver/x25-airplay-receiver/app/.cxx/RelWithDebInfo/416841uv/x86_64/third_party/openssl-cmake/openssl-build/usr/local/include/openssl/bn.h
install ./include/openssl/bnerr.h -> /home/runner/work/x25-airplay-receiver/x25-airplay-receiver/app/.cxx/RelWithDebInfo/416841uv/x86_64/third_party/openssl-cmake/openssl-build/usr/local/include/openssl/bnerr.h
install ./include/openssl/buffer.h -> /home/runner/work/x25-airplay-receiver/x25-airplay-receiver/app/.cxx/RelWithDebInfo/416841uv/x86_64/third_party/openssl-cmake/openssl-build/usr/local/include/openssl/buffer.h
install ./include/openssl/buffererr.h -> /home/runner/work/x25-airplay-receiver/x25-airplay-receiver/app/.cxx/RelWithDebInfo/416841uv/x86_64/third_party/openssl-cmake/openssl-build/usr/local/include/openssl/buffererr.h
install ./include/openssl/camellia.h -> /home/runner/work/x25-airplay-receiver/x25-airplay-receiver/app/.cxx/RelWithDebInfo/416841uv/x86_64/third_party/openssl-cmake/openssl-build/usr/local/include/openssl/camellia.h
install ./include/openssl/cast.h -> /home/runner/work/x25-airplay-receiver/x25-airplay-receiver/app/.cxx/RelWithDebInfo/416841uv/x86_64/third_party/openssl-cmake/openssl-build/usr/local/include/openssl/cast.h
install ./include/openssl/cmac.h -> /home/runner/work/x25-airplay-receiver/x25-airplay-receiver/app/.cxx/RelWithDebInfo/416841uv/x86_64/third_party/openssl-cmake/openssl-build/usr/local/include/openssl/cmac.h
install ./include/openssl/cmp.h -> /home/runner/work/x25-airplay-receiver/x25-airplay-receiver/app/.cxx/RelWithDebInfo/416841uv/x86_64/third_party/openssl-cmake/openssl-build/usr/local/include/openssl/cmp.h
install ./include/openssl/cmp_util.h -> /home/runner/work/x25-airplay-receiver/x25-airplay-receiver/app/.cxx/RelWithDebInfo/416841uv/x86_64/third_party/openssl-cmake/openssl-build/usr/local/include/openssl/cmp_util.h
install ./include/openssl/cmperr.h -> /home/runner/work/x25-airplay-receiver/x25-airplay-receiver/app/.cxx/RelWithDebInfo/416841uv/x86_64/third_party/openssl-cmake/openssl-build/usr/local/include/openssl/cmperr.h
install ./include/openssl/cms.h -> /home/runner/work/x25-airplay-receiver/x25-airplay-receiver/app/.cxx/RelWithDebInfo/416841uv/x86_64/third_party/openssl-cmake/openssl-build/usr/local/include/openssl/cms.h
install ./include/openssl/cmserr.h -> /home/runner/work/x25-airplay-receiver/x25-airplay-receiver/app/.cxx/RelWithDebInfo/416841uv/x86_64/third_party/openssl-cmake/openssl-build/usr/local/include/openssl/cmserr.h
install ./include/openssl/comp.h -> /home/runner/work/x25-airplay-receiver/x25-airplay-receiver/app/.cxx/RelWithDebInfo/416841uv/x86_64/third_party/openssl-cmake/openssl-build/usr/local/include/openssl/comp.h
install ./include/openssl/comperr.h -> /home/runner/work/x25-airplay-receiver/x25-airplay-receiver/app/.cxx/RelWithDebInfo/416841uv/x86_64/third_party/openssl-cmake/openssl-build/usr/local/include/openssl/comperr.h
install ./include/openssl/conf.h -> /home/runner/work/x25-airplay-receiver/x25-airplay-receiver/app/.cxx/RelWithDebInfo/416841uv/x86_64/third_party/openssl-cmake/openssl-build/usr/local/include/openssl/conf.h
install ./include/openssl/conf_api.h -> /home/runner/work/x25-airplay-receiver/x25-airplay-receiver/app/.cxx/RelWithDebInfo/416841uv/x86_64/third_party/openssl-cmake/openssl-build/usr/local/include/openssl/conf_api.h
install ./include/openssl/conferr.h -> /home/runner/work/x25-airplay-receiver/x25-airplay-receiver/app/.cxx/RelWithDebInfo/416841uv/x86_64/third_party/openssl-cmake/openssl-build/usr/local/include/openssl/conferr.h
install ./include/openssl/configuration.h -> /home/runner/work/x25-airplay-receiver/x25-airplay-receiver/app/.cxx/RelWithDebInfo/416841uv/x86_64/third_party/openssl-cmake/openssl-build/usr/local/include/openssl/configuration.h
install ./include/openssl/conftypes.h -> /home/runner/work/x25-airplay-receiver/x25-airplay-receiver/app/.cxx/RelWithDebInfo/416841uv/x86_64/third_party/openssl-cmake/openssl-build/usr/local/include/openssl/conftypes.h
install ./include/openssl/core.h -> /home/runner/work/x25-airplay-receiver/x25-airplay-receiver/app/.cxx/RelWithDebInfo/416841uv/x86_64/third_party/openssl-cmake/openssl-build/usr/local/include/openssl/core.h
install ./include/openssl/core_dispatch.h -> /home/runner/work/x25-airplay-receiver/x25-airplay-receiver/app/.cxx/RelWithDebInfo/416841uv/x86_64/third_party/openssl-cmake/openssl-build/usr/local/include/openssl/core_dispatch.h
install ./include/openssl/core_names.h -> /home/runner/work/x25-airplay-receiver/x25-airplay-receiver/app/.cxx/RelWithDebInfo/416841uv/x86_64/third_party/openssl-cmake/openssl-build/usr/local/include/openssl/core_names.h
install ./include/openssl/core_object.h -> /home/runner/work/x25-airplay-receiver/x25-airplay-receiver/app/.cxx/RelWithDebInfo/416841uv/x86_64/third_party/openssl-cmake/openssl-build/usr/local/include/openssl/core_object.h
install ./include/openssl/crmf.h -> /home/runner/work/x25-airplay-receiver/x25-airplay-receiver/app/.cxx/RelWithDebInfo/416841uv/x86_64/third_party/openssl-cmake/openssl-build/usr/local/include/openssl/crmf.h
install ./include/openssl/crmferr.h -> /home/runner/work/x25-airplay-receiver/x25-airplay-receiver/app/.cxx/RelWithDebInfo/416841uv/x86_64/third_party/openssl-cmake/openssl-build/usr/local/include/openssl/crmferr.h
install ./include/openssl/crypto.h -> /home/runner/work/x25-airplay-receiver/x25-airplay-receiver/app/.cxx/RelWithDebInfo/416841uv/x86_64/third_party/openssl-cmake/openssl-build/usr/local/include/openssl/crypto.h
install ./include/openssl/cryptoerr.h -> /home/runner/work/x25-airplay-receiver/x25-airplay-receiver/app/.cxx/RelWithDebInfo/416841uv/x86_64/third_party/openssl-cmake/openssl-build/usr/local/include/openssl/cryptoerr.h
install ./include/openssl/cryptoerr_legacy.h -> /home/runner/work/x25-airplay-receiver/x25-airplay-receiver/app/.cxx/RelWithDebInfo/416841uv/x86_64/third_party/openssl-cmake/openssl-build/usr/local/include/openssl/cryptoerr_legacy.h
install ./include/openssl/ct.h -> /home/runner/work/x25-airplay-receiver/x25-airplay-receiver/app/.cxx/RelWithDebInfo/416841uv/x86_64/third_party/openssl-cmake/openssl-build/usr/local/include/openssl/ct.h
install ./include/openssl/cterr.h -> /home/runner/work/x25-airplay-receiver/x25-airplay-receiver/app/.cxx/RelWithDebInfo/416841uv/x86_64/third_party/openssl-cmake/openssl-build/usr/local/include/openssl/cterr.h
install ./include/openssl/decoder.h -> /home/runner/work/x25-airplay-receiver/x25-airplay-receiver/app/.cxx/RelWithDebInfo/416841uv/x86_64/third_party/openssl-cmake/openssl-build/usr/local/include/openssl/decoder.h
install ./include/openssl/decodererr.h -> /home/runner/work/x25-airplay-receiver/x25-airplay-receiver/app/.cxx/RelWithDebInfo/416841uv/x86_64/third_party/openssl-cmake/openssl-build/usr/local/include/openssl/decodererr.h
install ./include/openssl/des.h -> /home/runner/work/x25-airplay-receiver/x25-airplay-receiver/app/.cxx/RelWithDebInfo/416841uv/x86_64/third_party/openssl-cmake/openssl-build/usr/local/include/openssl/des.h
install ./include/openssl/dh.h -> /home/runner/work/x25-airplay-receiver/x25-airplay-receiver/app/.cxx/RelWithDebInfo/416841uv/x86_64/third_party/openssl-cmake/openssl-build/usr/local/include/openssl/dh.h
install ./include/openssl/dherr.h -> /home/runner/work/x25-airplay-receiver/x25-airplay-receiver/app/.cxx/RelWithDebInfo/416841uv/x86_64/third_party/openssl-cmake/openssl-build/usr/local/include/openssl/dherr.h
install ./include/openssl/dsa.h -> /home/runner/work/x25-airplay-receiver/x25-airplay-receiver/app/.cxx/RelWithDebInfo/416841uv/x86_64/third_party/openssl-cmake/openssl-build/usr/local/include/openssl/dsa.h
install ./include/openssl/dsaerr.h -> /home/runner/work/x25-airplay-receiver/x25-airplay-receiver/app/.cxx/RelWithDebInfo/416841uv/x86_64/third_party/openssl-cmake/openssl-build/usr/local/include/openssl/dsaerr.h
install ./include/openssl/dtls1.h -> /home/runner/work/x25-airplay-receiver/x25-airplay-receiver/app/.cxx/RelWithDebInfo/416841uv/x86_64/third_party/openssl-cmake/openssl-build/usr/local/include/openssl/dtls1.h
install ./include/openssl/e_os2.h -> /home/runner/work/x25-airplay-receiver/x25-airplay-receiver/app/.cxx/RelWithDebInfo/416841uv/x86_64/third_party/openssl-cmake/openssl-build/usr/local/include/openssl/e_os2.h
install ./include/openssl/e_ostime.h -> /home/runner/work/x25-airplay-receiver/x25-airplay-receiver/app/.cxx/RelWithDebInfo/416841uv/x86_64/third_party/openssl-cmake/openssl-build/usr/local/include/openssl/e_ostime.h
install ./include/openssl/ebcdic.h -> /home/runner/work/x25-airplay-receiver/x25-airplay-receiver/app/.cxx/RelWithDebInfo/416841uv/x86_64/third_party/openssl-cmake/openssl-build/usr/local/include/openssl/ebcdic.h
install ./include/openssl/ec.h -> /home/runner/work/x25-airplay-receiver/x25-airplay-receiver/app/.cxx/RelWithDebInfo/416841uv/x86_64/third_party/openssl-cmake/openssl-build/usr/local/include/openssl/ec.h
install ./include/openssl/ecdh.h -> /home/runner/work/x25-airplay-receiver/x25-airplay-receiver/app/.cxx/RelWithDebInfo/416841uv/x86_64/third_party/openssl-cmake/openssl-build/usr/local/include/openssl/ecdh.h
install ./include/openssl/ecdsa.h -> /home/runner/work/x25-airplay-receiver/x25-airplay-receiver/app/.cxx/RelWithDebInfo/416841uv/x86_64/third_party/openssl-cmake/openssl-build/usr/local/include/openssl/ecdsa.h
install ./include/openssl/ecerr.h -> /home/runner/work/x25-airplay-receiver/x25-airplay-receiver/app/.cxx/RelWithDebInfo/416841uv/x86_64/third_party/openssl-cmake/openssl-build/usr/local/include/openssl/ecerr.h
install ./include/openssl/encoder.h -> /home/runner/work/x25-airplay-receiver/x25-airplay-receiver/app/.cxx/RelWithDebInfo/416841uv/x86_64/third_party/openssl-cmake/openssl-build/usr/local/include/openssl/encoder.h
install ./include/openssl/encodererr.h -> /home/runner/work/x25-airplay-receiver/x25-airplay-receiver/app/.cxx/RelWithDebInfo/416841uv/x86_64/third_party/openssl-cmake/openssl-build/usr/local/include/openssl/encodererr.h
install ./include/openssl/engine.h -> /home/runner/work/x25-airplay-receiver/x25-airplay-receiver/app/.cxx/RelWithDebInfo/416841uv/x86_64/third_party/openssl-cmake/openssl-build/usr/local/include/openssl/engine.h
install ./include/openssl/engineerr.h -> /home/runner/work/x25-airplay-receiver/x25-airplay-receiver/app/.cxx/RelWithDebInfo/416841uv/x86_64/third_party/openssl-cmake/openssl-build/usr/local/include/openssl/engineerr.h
install ./include/openssl/err.h -> /home/runner/work/x25-airplay-receiver/x25-airplay-receiver/app/.cxx/RelWithDebInfo/416841uv/x86_64/third_party/openssl-cmake/openssl-build/usr/local/include/openssl/err.h
install ./include/openssl/ess.h -> /home/runner/work/x25-airplay-receiver/x25-airplay-receiver/app/.cxx/RelWithDebInfo/416841uv/x86_64/third_party/openssl-cmake/openssl-build/usr/local/include/openssl/ess.h
install ./include/openssl/esserr.h -> /home/runner/work/x25-airplay-receiver/x25-airplay-receiver/app/.cxx/RelWithDebInfo/416841uv/x86_64/third_party/openssl-cmake/openssl-build/usr/local/include/openssl/esserr.h
install ./include/openssl/evp.h -> /home/runner/work/x25-airplay-receiver/x25-airplay-receiver/app/.cxx/RelWithDebInfo/416841uv/x86_64/third_party/openssl-cmake/openssl-build/usr/local/include/openssl/evp.h
install ./include/openssl/evperr.h -> /home/runner/work/x25-airplay-receiver/x25-airplay-receiver/app/.cxx/RelWithDebInfo/416841uv/x86_64/third_party/openssl-cmake/openssl-build/usr/local/include/openssl/evperr.h
install ./include/openssl/fips_names.h -> /home/runner/work/x25-airplay-receiver/x25-airplay-receiver/app/.cxx/RelWithDebInfo/416841uv/x86_64/third_party/openssl-cmake/openssl-build/usr/local/include/openssl/fips_names.h
install ./include/openssl/fipskey.h -> /home/runner/work/x25-airplay-receiver/x25-airplay-receiver/app/.cxx/RelWithDebInfo/416841uv/x86_64/third_party/openssl-cmake/openssl-build/usr/local/include/openssl/fipskey.h
install ./include/openssl/hmac.h -> /home/runner/work/x25-airplay-receiver/x25-airplay-receiver/app/.cxx/RelWithDebInfo/416841uv/x86_64/third_party/openssl-cmake/openssl-build/usr/local/include/openssl/hmac.h
install ./include/openssl/hpke.h -> /home/runner/work/x25-airplay-receiver/x25-airplay-receiver/app/.cxx/RelWithDebInfo/416841uv/x86_64/third_party/openssl-cmake/openssl-build/usr/local/include/openssl/hpke.h
install ./include/openssl/http.h -> /home/runner/work/x25-airplay-receiver/x25-airplay-receiver/app/.cxx/RelWithDebInfo/416841uv/x86_64/third_party/openssl-cmake/openssl-build/usr/local/include/openssl/http.h
install ./include/openssl/httperr.h -> /home/runner/work/x25-airplay-receiver/x25-airplay-receiver/app/.cxx/RelWithDebInfo/416841uv/x86_64/third_party/openssl-cmake/openssl-build/usr/local/include/openssl/httperr.h
install ./include/openssl/idea.h -> /home/runner/work/x25-airplay-receiver/x25-airplay-receiver/app/.cxx/RelWithDebInfo/416841uv/x86_64/third_party/openssl-cmake/openssl-build/usr/local/include/openssl/idea.h
install ./include/openssl/indicator.h -> /home/runner/work/x25-airplay-receiver/x25-airplay-receiver/app/.cxx/RelWithDebInfo/416841uv/x86_64/third_party/openssl-cmake/openssl-build/usr/local/include/openssl/indicator.h
install ./include/openssl/kdf.h -> /home/runner/work/x25-airplay-receiver/x25-airplay-receiver/app/.cxx/RelWithDebInfo/416841uv/x86_64/third_party/openssl-cmake/openssl-build/usr/local/include/openssl/kdf.h
install ./include/openssl/kdferr.h -> /home/runner/work/x25-airplay-receiver/x25-airplay-receiver/app/.cxx/RelWithDebInfo/416841uv/x86_64/third_party/openssl-cmake/openssl-build/usr/local/include/openssl/kdferr.h
install ./include/openssl/lhash.h -> /home/runner/work/x25-airplay-receiver/x25-airplay-receiver/app/.cxx/RelWithDebInfo/416841uv/x86_64/third_party/openssl-cmake/openssl-build/usr/local/include/openssl/lhash.h
install ./include/openssl/macros.h -> /home/runner/work/x25-airplay-receiver/x25-airplay-receiver/app/.cxx/RelWithDebInfo/416841uv/x86_64/third_party/openssl-cmake/openssl-build/usr/local/include/openssl/macros.h
install ./include/openssl/md2.h -> /home/runner/work/x25-airplay-receiver/x25-airplay-receiver/app/.cxx/RelWithDebInfo/416841uv/x86_64/third_party/openssl-cmake/openssl-build/usr/local/include/openssl/md2.h
install ./include/openssl/md4.h -> /home/runner/work/x25-airplay-receiver/x25-airplay-receiver/app/.cxx/RelWithDebInfo/416841uv/x86_64/third_party/openssl-cmake/openssl-build/usr/local/include/openssl/md4.h
install ./include/openssl/md5.h -> /home/runner/work/x25-airplay-receiver/x25-airplay-receiver/app/.cxx/RelWithDebInfo/416841uv/x86_64/third_party/openssl-cmake/openssl-build/usr/local/include/openssl/md5.h
install ./include/openssl/mdc2.h -> /home/runner/work/x25-airplay-receiver/x25-airplay-receiver/app/.cxx/RelWithDebInfo/416841uv/x86_64/third_party/openssl-cmake/openssl-build/usr/local/include/openssl/mdc2.h
install ./include/openssl/modes.h -> /home/runner/work/x25-airplay-receiver/x25-airplay-receiver/app/.cxx/RelWithDebInfo/416841uv/x86_64/third_party/openssl-cmake/openssl-build/usr/local/include/openssl/modes.h
install ./include/openssl/obj_mac.h -> /home/runner/work/x25-airplay-receiver/x25-airplay-receiver/app/.cxx/RelWithDebInfo/416841uv/x86_64/third_party/openssl-cmake/openssl-build/usr/local/include/openssl/obj_mac.h
install ./include/openssl/objects.h -> /home/runner/work/x25-airplay-receiver/x25-airplay-receiver/app/.cxx/RelWithDebInfo/416841uv/x86_64/third_party/openssl-cmake/openssl-build/usr/local/include/openssl/objects.h
install ./include/openssl/objectserr.h -> /home/runner/work/x25-airplay-receiver/x25-airplay-receiver/app/.cxx/RelWithDebInfo/416841uv/x86_64/third_party/openssl-cmake/openssl-build/usr/local/include/openssl/objectserr.h
install ./include/openssl/ocsp.h -> /home/runner/work/x25-airplay-receiver/x25-airplay-receiver/app/.cxx/RelWithDebInfo/416841uv/x86_64/third_party/openssl-cmake/openssl-build/usr/local/include/openssl/ocsp.h
install ./include/openssl/ocsperr.h -> /home/runner/work/x25-airplay-receiver/x25-airplay-receiver/app/.cxx/RelWithDebInfo/416841uv/x86_64/third_party/openssl-cmake/openssl-build/usr/local/include/openssl/ocsperr.h
install ./include/openssl/opensslconf.h -> /home/runner/work/x25-airplay-receiver/x25-airplay-receiver/app/.cxx/RelWithDebInfo/416841uv/x86_64/third_party/openssl-cmake/openssl-build/usr/local/include/openssl/opensslconf.h
install ./include/openssl/opensslv.h -> /home/runner/work/x25-airplay-receiver/x25-airplay-receiver/app/.cxx/RelWithDebInfo/416841uv/x86_64/third_party/openssl-cmake/openssl-build/usr/local/include/openssl/opensslv.h
install ./include/openssl/ossl_typ.h -> /home/runner/work/x25-airplay-receiver/x25-airplay-receiver/app/.cxx/RelWithDebInfo/416841uv/x86_64/third_party/openssl-cmake/openssl-build/usr/local/include/openssl/ossl_typ.h
install ./include/openssl/param_build.h -> /home/runner/work/x25-airplay-receiver/x25-airplay-receiver/app/.cxx/RelWithDebInfo/416841uv/x86_64/third_party/openssl-cmake/openssl-build/usr/local/include/openssl/param_build.h
install ./include/openssl/params.h -> /home/runner/work/x25-airplay-receiver/x25-airplay-receiver/app/.cxx/RelWithDebInfo/416841uv/x86_64/third_party/openssl-cmake/openssl-build/usr/local/include/openssl/params.h
install ./include/openssl/pem.h -> /home/runner/work/x25-airplay-receiver/x25-airplay-receiver/app/.cxx/RelWithDebInfo/416841uv/x86_64/third_party/openssl-cmake/openssl-build/usr/local/include/openssl/pem.h
install ./include/openssl/pem2.h -> /home/runner/work/x25-airplay-receiver/x25-airplay-receiver/app/.cxx/RelWithDebInfo/416841uv/x86_64/third_party/openssl-cmake/openssl-build/usr/local/include/openssl/pem2.h
install ./include/openssl/pemerr.h -> /home/runner/work/x25-airplay-receiver/x25-airplay-receiver/app/.cxx/RelWithDebInfo/416841uv/x86_64/third_party/openssl-cmake/openssl-build/usr/local/include/openssl/pemerr.h
install ./include/openssl/pkcs12.h -> /home/runner/work/x25-airplay-receiver/x25-airplay-receiver/app/.cxx/RelWithDebInfo/416841uv/x86_64/third_party/openssl-cmake/openssl-build/usr/local/include/openssl/pkcs12.h
install ./include/openssl/pkcs12err.h -> /home/runner/work/x25-airplay-receiver/x25-airplay-receiver/app/.cxx/RelWithDebInfo/416841uv/x86_64/third_party/openssl-cmake/openssl-build/usr/local/include/openssl/pkcs12err.h
install ./include/openssl/pkcs7.h -> /home/runner/work/x25-airplay-receiver/x25-airplay-receiver/app/.cxx/RelWithDebInfo/416841uv/x86_64/third_party/openssl-cmake/openssl-build/usr/local/include/openssl/pkcs7.h
install ./include/openssl/pkcs7err.h -> /home/runner/work/x25-airplay-receiver/x25-airplay-receiver/app/.cxx/RelWithDebInfo/416841uv/x86_64/third_party/openssl-cmake/openssl-build/usr/local/include/openssl/pkcs7err.h
install ./include/openssl/prov_ssl.h -> /home/runner/work/x25-airplay-receiver/x25-airplay-receiver/app/.cxx/RelWithDebInfo/416841uv/x86_64/third_party/openssl-cmake/openssl-build/usr/local/include/openssl/prov_ssl.h
install ./include/openssl/proverr.h -> /home/runner/work/x25-airplay-receiver/x25-airplay-receiver/app/.cxx/RelWithDebInfo/416841uv/x86_64/third_party/openssl-cmake/openssl-build/usr/local/include/openssl/proverr.h
install ./include/openssl/provider.h -> /home/runner/work/x25-airplay-receiver/x25-airplay-receiver/app/.cxx/RelWithDebInfo/416841uv/x86_64/third_party/openssl-cmake/openssl-build/usr/local/include/openssl/provider.h
install ./include/openssl/quic.h -> /home/runner/work/x25-airplay-receiver/x25-airplay-receiver/app/.cxx/RelWithDebInfo/416841uv/x86_64/third_party/openssl-cmake/openssl-build/usr/local/include/openssl/quic.h
install ./include/openssl/rand.h -> /home/runner/work/x25-airplay-receiver/x25-airplay-receiver/app/.cxx/RelWithDebInfo/416841uv/x86_64/third_party/openssl-cmake/openssl-build/usr/local/include/openssl/rand.h
install ./include/openssl/randerr.h -> /home/runner/work/x25-airplay-receiver/x25-airplay-receiver/app/.cxx/RelWithDebInfo/416841uv/x86_64/third_party/openssl-cmake/openssl-build/usr/local/include/openssl/randerr.h
install ./include/openssl/rc2.h -> /home/runner/work/x25-airplay-receiver/x25-airplay-receiver/app/.cxx/RelWithDebInfo/416841uv/x86_64/third_party/openssl-cmake/openssl-build/usr/local/include/openssl/rc2.h
install ./include/openssl/rc4.h -> /home/runner/work/x25-airplay-receiver/x25-airplay-receiver/app/.cxx/RelWithDebInfo/416841uv/x86_64/third_party/openssl-cmake/openssl-build/usr/local/include/openssl/rc4.h
install ./include/openssl/rc5.h -> /home/runner/work/x25-airplay-receiver/x25-airplay-receiver/app/.cxx/RelWithDebInfo/416841uv/x86_64/third_party/openssl-cmake/openssl-build/usr/local/include/openssl/rc5.h
install ./include/openssl/ripemd.h -> /home/runner/work/x25-airplay-receiver/x25-airplay-receiver/app/.cxx/RelWithDebInfo/416841uv/x86_64/third_party/openssl-cmake/openssl-build/usr/local/include/openssl/ripemd.h
install ./include/openssl/rsa.h -> /home/runner/work/x25-airplay-receiver/x25-airplay-receiver/app/.cxx/RelWithDebInfo/416841uv/x86_64/third_party/openssl-cmake/openssl-build/usr/local/include/openssl/rsa.h
install ./include/openssl/rsaerr.h -> /home/runner/work/x25-airplay-receiver/x25-airplay-receiver/app/.cxx/RelWithDebInfo/416841uv/x86_64/third_party/openssl-cmake/openssl-build/usr/local/include/openssl/rsaerr.h
install ./include/openssl/safestack.h -> /home/runner/work/x25-airplay-receiver/x25-airplay-receiver/app/.cxx/RelWithDebInfo/416841uv/x86_64/third_party/openssl-cmake/openssl-build/usr/local/include/openssl/safestack.h
install ./include/openssl/seed.h -> /home/runner/work/x25-airplay-receiver/x25-airplay-receiver/app/.cxx/RelWithDebInfo/416841uv/x86_64/third_party/openssl-cmake/openssl-build/usr/local/include/openssl/seed.h
install ./include/openssl/self_test.h -> /home/runner/work/x25-airplay-receiver/x25-airplay-receiver/app/.cxx/RelWithDebInfo/416841uv/x86_64/third_party/openssl-cmake/openssl-build/usr/local/include/openssl/self_test.h
install ./include/openssl/sha.h -> /home/runner/work/x25-airplay-receiver/x25-airplay-receiver/app/.cxx/RelWithDebInfo/416841uv/x86_64/third_party/openssl-cmake/openssl-build/usr/local/include/openssl/sha.h
install ./include/openssl/srp.h -> /home/runner/work/x25-airplay-receiver/x25-airplay-receiver/app/.cxx/RelWithDebInfo/416841uv/x86_64/third_party/openssl-cmake/openssl-build/usr/local/include/openssl/srp.h
install ./include/openssl/srtp.h -> /home/runner/work/x25-airplay-receiver/x25-airplay-receiver/app/.cxx/RelWithDebInfo/416841uv/x86_64/third_party/openssl-cmake/openssl-build/usr/local/include/openssl/srtp.h
install ./include/openssl/ssl.h -> /home/runner/work/x25-airplay-receiver/x25-airplay-receiver/app/.cxx/RelWithDebInfo/416841uv/x86_64/third_party/openssl-cmake/openssl-build/usr/local/include/openssl/ssl.h
install ./include/openssl/ssl2.h -> /home/runner/work/x25-airplay-receiver/x25-airplay-receiver/app/.cxx/RelWithDebInfo/416841uv/x86_64/third_party/openssl-cmake/openssl-build/usr/local/include/openssl/ssl2.h
install ./include/openssl/ssl3.h -> /home/runner/work/x25-airplay-receiver/x25-airplay-receiver/app/.cxx/RelWithDebInfo/416841uv/x86_64/third_party/openssl-cmake/openssl-build/usr/local/include/openssl/ssl3.h
install ./include/openssl/sslerr.h -> /home/runner/work/x25-airplay-receiver/x25-airplay-receiver/app/.cxx/RelWithDebInfo/416841uv/x86_64/third_party/openssl-cmake/openssl-build/usr/local/include/openssl/sslerr.h
install ./include/openssl/sslerr_legacy.h -> /home/runner/work/x25-airplay-receiver/x25-airplay-receiver/app/.cxx/RelWithDebInfo/416841uv/x86_64/third_party/openssl-cmake/openssl-build/usr/local/include/openssl/sslerr_legacy.h
install ./include/openssl/stack.h -> /home/runner/work/x25-airplay-receiver/x25-airplay-receiver/app/.cxx/RelWithDebInfo/416841uv/x86_64/third_party/openssl-cmake/openssl-build/usr/local/include/openssl/stack.h
install ./include/openssl/store.h -> /home/runner/work/x25-airplay-receiver/x25-airplay-receiver/app/.cxx/RelWithDebInfo/416841uv/x86_64/third_party/openssl-cmake/openssl-build/usr/local/include/openssl/store.h
install ./include/openssl/storeerr.h -> /home/runner/work/x25-airplay-receiver/x25-airplay-receiver/app/.cxx/RelWithDebInfo/416841uv/x86_64/third_party/openssl-cmake/openssl-build/usr/local/include/openssl/storeerr.h
install ./include/openssl/symhacks.h -> /home/runner/work/x25-airplay-receiver/x25-airplay-receiver/app/.cxx/RelWithDebInfo/416841uv/x86_64/third_party/openssl-cmake/openssl-build/usr/local/include/openssl/symhacks.h
install ./include/openssl/thread.h -> /home/runner/work/x25-airplay-receiver/x25-airplay-receiver/app/.cxx/RelWithDebInfo/416841uv/x86_64/third_party/openssl-cmake/openssl-build/usr/local/include/openssl/thread.h
install ./include/openssl/tls1.h -> /home/runner/work/x25-airplay-receiver/x25-airplay-receiver/app/.cxx/RelWithDebInfo/416841uv/x86_64/third_party/openssl-cmake/openssl-build/usr/local/include/openssl/tls1.h
install ./include/openssl/trace.h -> /home/runner/work/x25-airplay-receiver/x25-airplay-receiver/app/.cxx/RelWithDebInfo/416841uv/x86_64/third_party/openssl-cmake/openssl-build/usr/local/include/openssl/trace.h
install ./include/openssl/ts.h -> /home/runner/work/x25-airplay-receiver/x25-airplay-receiver/app/.cxx/RelWithDebInfo/416841uv/x86_64/third_party/openssl-cmake/openssl-build/usr/local/include/openssl/ts.h
install ./include/openssl/tserr.h -> /home/runner/work/x25-airplay-receiver/x25-airplay-receiver/app/.cxx/RelWithDebInfo/416841uv/x86_64/third_party/openssl-cmake/openssl-build/usr/local/include/openssl/tserr.h
install ./include/openssl/txt_db.h -> /home/runner/work/x25-airplay-receiver/x25-airplay-receiver/app/.cxx/RelWithDebInfo/416841uv/x86_64/third_party/openssl-cmake/openssl-build/usr/local/include/openssl/txt_db.h
install ./include/openssl/types.h -> /home/runner/work/x25-airplay-receiver/x25-airplay-receiver/app/.cxx/RelWithDebInfo/416841uv/x86_64/third_party/openssl-cmake/openssl-build/usr/local/include/openssl/types.h
install ./include/openssl/ui.h -> /home/runner/work/x25-airplay-receiver/x25-airplay-receiver/app/.cxx/RelWithDebInfo/416841uv/x86_64/third_party/openssl-cmake/openssl-build/usr/local/include/openssl/ui.h
install ./include/openssl/uierr.h -> /home/runner/work/x25-airplay-receiver/x25-airplay-receiver/app/.cxx/RelWithDebInfo/416841uv/x86_64/third_party/openssl-cmake/openssl-build/usr/local/include/openssl/uierr.h
install ./include/openssl/whrlpool.h -> /home/runner/work/x25-airplay-receiver/x25-airplay-receiver/app/.cxx/RelWithDebInfo/416841uv/x86_64/third_party/openssl-cmake/openssl-build/usr/local/include/openssl/whrlpool.h
install ./include/openssl/x509.h -> /home/runner/work/x25-airplay-receiver/x25-airplay-receiver/app/.cxx/RelWithDebInfo/416841uv/x86_64/third_party/openssl-cmake/openssl-build/usr/local/include/openssl/x509.h
install ./include/openssl/x509_acert.h -> /home/runner/work/x25-airplay-receiver/x25-airplay-receiver/app/.cxx/RelWithDebInfo/416841uv/x86_64/third_party/openssl-cmake/openssl-build/usr/local/include/openssl/x509_acert.h
install ./include/openssl/x509_vfy.h -> /home/runner/work/x25-airplay-receiver/x25-airplay-receiver/app/.cxx/RelWithDebInfo/416841uv/x86_64/third_party/openssl-cmake/openssl-build/usr/local/include/openssl/x509_vfy.h
install ./include/openssl/x509err.h -> /home/runner/work/x25-airplay-receiver/x25-airplay-receiver/app/.cxx/RelWithDebInfo/416841uv/x86_64/third_party/openssl-cmake/openssl-build/usr/local/include/openssl/x509err.h
install ./include/openssl/x509v3.h -> /home/runner/work/x25-airplay-receiver/x25-airplay-receiver/app/.cxx/RelWithDebInfo/416841uv/x86_64/third_party/openssl-cmake/openssl-build/usr/local/include/openssl/x509v3.h
install ./include/openssl/x509v3err.h -> /home/runner/work/x25-airplay-receiver/x25-airplay-receiver/app/.cxx/RelWithDebInfo/416841uv/x86_64/third_party/openssl-cmake/openssl-build/usr/local/include/openssl/x509v3err.h
install libcrypto.a -> /home/runner/work/x25-airplay-receiver/x25-airplay-receiver/app/.cxx/RelWithDebInfo/416841uv/x86_64/third_party/openssl-cmake/openssl-build/usr/local/lib/libcrypto.a
install libssl.a -> /home/runner/work/x25-airplay-receiver/x25-airplay-receiver/app/.cxx/RelWithDebInfo/416841uv/x86_64/third_party/openssl-cmake/openssl-build/usr/local/lib/libssl.a
created directory `/home/runner/work/x25-airplay-receiver/x25-airplay-receiver/app/.cxx/RelWithDebInfo/416841uv/x86_64/third_party/openssl-cmake/openssl-build/usr/local/lib/pkgconfig'
install exporters/libcrypto.pc -> /home/runner/work/x25-airplay-receiver/x25-airplay-receiver/app/.cxx/RelWithDebInfo/416841uv/x86_64/third_party/openssl-cmake/openssl-build/usr/local/lib/pkgconfig/libcrypto.pc
install exporters/libssl.pc -> /home/runner/work/x25-airplay-receiver/x25-airplay-receiver/app/.cxx/RelWithDebInfo/416841uv/x86_64/third_party/openssl-cmake/openssl-build/usr/local/lib/pkgconfig/libssl.pc
install exporters/openssl.pc -> /home/runner/work/x25-airplay-receiver/x25-airplay-receiver/app/.cxx/RelWithDebInfo/416841uv/x86_64/third_party/openssl-cmake/openssl-build/usr/local/lib/pkgconfig/openssl.pc
created directory `/home/runner/work/x25-airplay-receiver/x25-airplay-receiver/app/.cxx/RelWithDebInfo/416841uv/x86_64/third_party/openssl-cmake/openssl-build/usr/local/lib/cmake'
created directory `/home/runner/work/x25-airplay-receiver/x25-airplay-receiver/app/.cxx/RelWithDebInfo/416841uv/x86_64/third_party/openssl-cmake/openssl-build/usr/local/lib/cmake/OpenSSL'
install exporters/OpenSSLConfig.cmake -> /home/runner/work/x25-airplay-receiver/x25-airplay-receiver/app/.cxx/RelWithDebInfo/416841uv/x86_64/third_party/openssl-cmake/openssl-build/usr/local/lib/cmake/OpenSSL/OpenSSLConfig.cmake
install exporters/OpenSSLConfigVersion.cmake -> /home/runner/work/x25-airplay-receiver/x25-airplay-receiver/app/.cxx/RelWithDebInfo/416841uv/x86_64/third_party/openssl-cmake/openssl-build/usr/local/lib/cmake/OpenSSL/OpenSSLConfigVersion.cmake
"/usr/bin/make" depend && "/usr/bin/make" _build_modules
make[1]: Entering directory '/home/runner/work/x25-airplay-receiver/x25-airplay-receiver/app/.cxx/RelWithDebInfo/416841uv/x86_64/third_party/openssl-cmake/openssl-prefix/src/openssl'
make[1]: Leaving directory '/home/runner/work/x25-airplay-receiver/x25-airplay-receiver/app/.cxx/RelWithDebInfo/416841uv/x86_64/third_party/openssl-cmake/openssl-prefix/src/openssl'
make[1]: Entering directory '/home/runner/work/x25-airplay-receiver/x25-airplay-receiver/app/.cxx/RelWithDebInfo/416841uv/x86_64/third_party/openssl-cmake/openssl-prefix/src/openssl'
make[1]: Nothing to be done for '_build_modules'.
make[1]: Leaving directory '/home/runner/work/x25-airplay-receiver/x25-airplay-receiver/app/.cxx/RelWithDebInfo/416841uv/x86_64/third_party/openssl-cmake/openssl-prefix/src/openssl'
created directory `/home/runner/work/x25-airplay-receiver/x25-airplay-receiver/app/.cxx/RelWithDebInfo/416841uv/x86_64/third_party/openssl-cmake/openssl-build/usr/local/lib/engines-3'
*** Installing engines
created directory `/home/runner/work/x25-airplay-receiver/x25-airplay-receiver/app/.cxx/RelWithDebInfo/416841uv/x86_64/third_party/openssl-cmake/openssl-build/usr/local/lib/ossl-modules'
*** Installing modules
"/usr/bin/make" depend && "/usr/bin/make" _build_programs
make[1]: Entering directory '/home/runner/work/x25-airplay-receiver/x25-airplay-receiver/app/.cxx/RelWithDebInfo/416841uv/x86_64/third_party/openssl-cmake/openssl-prefix/src/openssl'
make[1]: Leaving directory '/home/runner/work/x25-airplay-receiver/x25-airplay-receiver/app/.cxx/RelWithDebInfo/416841uv/x86_64/third_party/openssl-cmake/openssl-prefix/src/openssl'
make[1]: Entering directory '/home/runner/work/x25-airplay-receiver/x25-airplay-receiver/app/.cxx/RelWithDebInfo/416841uv/x86_64/third_party/openssl-cmake/openssl-prefix/src/openssl'
make[1]: Nothing to be done for '_build_programs'.
make[1]: Leaving directory '/home/runner/work/x25-airplay-receiver/x25-airplay-receiver/app/.cxx/RelWithDebInfo/416841uv/x86_64/third_party/openssl-cmake/openssl-prefix/src/openssl'
created directory `/home/runner/work/x25-airplay-receiver/x25-airplay-receiver/app/.cxx/RelWithDebInfo/416841uv/x86_64/third_party/openssl-cmake/openssl-build/usr/local/bin'
*** Installing runtime programs
install apps/openssl -> /home/runner/work/x25-airplay-receiver/x25-airplay-receiver/app/.cxx/RelWithDebInfo/416841uv/x86_64/third_party/openssl-cmake/openssl-build/usr/local/bin/openssl
install tools/c_rehash -> /home/runner/work/x25-airplay-receiver/x25-airplay-receiver/app/.cxx/RelWithDebInfo/416841uv/x86_64/third_party/openssl-cmake/openssl-build/usr/local/bin/c_rehash
-- Configuring done
-- Generating done
-- Build files have been written to: /home/runner/work/x25-airplay-receiver/x25-airplay-receiver/app/.cxx/RelWithDebInfo/416841uv/x86_64
